Component: ARM Compiler 5.06 update 5 (build 528) Tool: armlink [4d35e2]

==============================================================================

Section Cross References

    startup_stm32f407xx.o(RESET) refers to startup_stm32f407xx.o(STACK) for __initial_sp
    startup_stm32f407xx.o(RESET) refers to startup_stm32f407xx.o(.text) for Reset_Handler
    startup_stm32f407xx.o(RESET) refers to stm32f4xx_it.o(i.NMI_Handler) for NMI_Handler
    startup_stm32f407xx.o(RESET) refers to stm32f4xx_it.o(i.HardFault_Handler) for HardFault_Handler
    startup_stm32f407xx.o(RESET) refers to stm32f4xx_it.o(i.MemManage_Handler) for MemManage_Handler
    startup_stm32f407xx.o(RESET) refers to stm32f4xx_it.o(i.BusFault_Handler) for BusFault_Handler
    startup_stm32f407xx.o(RESET) refers to stm32f4xx_it.o(i.UsageFault_Handler) for UsageFault_Handler
    startup_stm32f407xx.o(RESET) refers to stm32f4xx_it.o(i.SVC_Handler) for SVC_Handler
    startup_stm32f407xx.o(RESET) refers to stm32f4xx_it.o(i.DebugMon_Handler) for DebugMon_Handler
    startup_stm32f407xx.o(RESET) refers to stm32f4xx_it.o(i.PendSV_Handler) for PendSV_Handler
    startup_stm32f407xx.o(RESET) refers to stm32f4xx_it.o(i.SysTick_Handler) for SysTick_Handler
    startup_stm32f407xx.o(RESET) refers to stm32f4xx_it.o(i.SDIO_IRQHandler) for SDIO_IRQHandler
    startup_stm32f407xx.o(RESET) refers to stm32f4xx_it.o(i.DMA2_Stream3_IRQHandler) for DMA2_Stream3_IRQHandler
    startup_stm32f407xx.o(RESET) refers to stm32f4xx_it.o(i.DMA2_Stream6_IRQHandler) for DMA2_Stream6_IRQHandler
    startup_stm32f407xx.o(.text) refers to system_stm32f4xx.o(i.SystemInit) for SystemInit
    startup_stm32f407xx.o(.text) refers to entry.o(.ARM.Collect$$$$00000000) for __main
    main.o(i.SystemClock_Config) refers to stm32f4xx_hal_rcc.o(i.HAL_RCC_OscConfig) for HAL_RCC_OscConfig
    main.o(i.SystemClock_Config) refers to stm32f4xx_hal_rcc.o(i.HAL_RCC_ClockConfig) for HAL_RCC_ClockConfig
    main.o(i.SystemClock_Config) refers to stm32f4xx_hal_rcc.o(i.HAL_RCC_GetHCLKFreq) for HAL_RCC_GetHCLKFreq
    main.o(i.SystemClock_Config) refers to stm32f4xx_hal_cortex.o(i.HAL_SYSTICK_Config) for HAL_SYSTICK_Config
    main.o(i.SystemClock_Config) refers to stm32f4xx_hal_cortex.o(i.HAL_SYSTICK_CLKSourceConfig) for HAL_SYSTICK_CLKSourceConfig
    main.o(i.SystemClock_Config) refers to stm32f4xx_hal_cortex.o(i.HAL_NVIC_SetPriority) for HAL_NVIC_SetPriority
    main.o(i.fputc) refers to stm32f4xx_hal_uart.o(i.HAL_UART_Transmit) for HAL_UART_Transmit
    main.o(i.fputc) refers to main.o(.bss) for .bss
    main.o(i.main) refers to stm32f4xx_hal.o(i.HAL_Init) for HAL_Init
    main.o(i.main) refers to main.o(i.SystemClock_Config) for SystemClock_Config
    main.o(i.main) refers to stm32f4xx_hal_cortex.o(i.HAL_NVIC_SetPriority) for HAL_NVIC_SetPriority
    main.o(i.main) refers to stm32f4xx_hal_cortex.o(i.HAL_NVIC_EnableIRQ) for HAL_NVIC_EnableIRQ
    main.o(i.main) refers to fatfs.o(i.MX_FATFS_Init) for MX_FATFS_Init
    main.o(i.main) refers to stm32f4xx_hal_uart.o(i.HAL_UART_Init) for HAL_UART_Init
    main.o(i.main) refers to printf3.o(i.__0printf$3) for __2printf
    main.o(i.main) refers to ff.o(i.f_mount) for f_mount
    main.o(i.main) refers to ff.o(i.f_open) for f_open
    main.o(i.main) refers to ff.o(i.f_write) for f_write
    main.o(i.main) refers to ff.o(i.f_close) for f_close
    main.o(i.main) refers to ff.o(i.f_read) for f_read
    main.o(i.main) refers to main.o(.bss) for .bss
    main.o(i.main) refers to fatfs.o(.data) for retSD
    main.o(i.main) refers to main.o(.data) for .data
    bsp_driver_sd.o(i.BSP_SD_DMA_Rx_IRQHandler) refers to stm32f4xx_hal_dma.o(i.HAL_DMA_IRQHandler) for HAL_DMA_IRQHandler
    bsp_driver_sd.o(i.BSP_SD_DMA_Rx_IRQHandler) refers to main.o(.bss) for hsd
    bsp_driver_sd.o(i.BSP_SD_DMA_Tx_IRQHandler) refers to stm32f4xx_hal_dma.o(i.HAL_DMA_IRQHandler) for HAL_DMA_IRQHandler
    bsp_driver_sd.o(i.BSP_SD_DMA_Tx_IRQHandler) refers to main.o(.bss) for hsd
    bsp_driver_sd.o(i.BSP_SD_Erase) refers to stm32f4xx_hal_sd.o(i.HAL_SD_Erase) for HAL_SD_Erase
    bsp_driver_sd.o(i.BSP_SD_Erase) refers to main.o(.bss) for hsd
    bsp_driver_sd.o(i.BSP_SD_GetCardInfo) refers to stm32f4xx_hal_sd.o(i.HAL_SD_GetCardInfo) for HAL_SD_GetCardInfo
    bsp_driver_sd.o(i.BSP_SD_GetCardInfo) refers to main.o(.bss) for hsd
    bsp_driver_sd.o(i.BSP_SD_GetCardState) refers to stm32f4xx_hal_sd.o(i.HAL_SD_GetCardState) for HAL_SD_GetCardState
    bsp_driver_sd.o(i.BSP_SD_GetCardState) refers to main.o(.bss) for hsd
    bsp_driver_sd.o(i.BSP_SD_IRQHandler) refers to stm32f4xx_hal_sd.o(i.HAL_SD_IRQHandler) for HAL_SD_IRQHandler
    bsp_driver_sd.o(i.BSP_SD_IRQHandler) refers to main.o(.bss) for hsd
    bsp_driver_sd.o(i.BSP_SD_Init) refers to stm32f4xx_hal_sd.o(i.HAL_SD_Init) for HAL_SD_Init
    bsp_driver_sd.o(i.BSP_SD_Init) refers to main.o(.bss) for hsd
    bsp_driver_sd.o(i.BSP_SD_ReadBlocks) refers to stm32f4xx_hal_sd.o(i.HAL_SD_ReadBlocks) for HAL_SD_ReadBlocks
[...]
    ../Src/bsp_driver_sd.c                   0x00000000   Number         0  bsp_driver_sd.o ABSOLUTE
    ../Src/fatfs.c                           0x00000000   Number         0  fatfs.o ABSOLUTE
    ../Src/main.c                            0x00000000   Number         0  main.o ABSOLUTE
    ../Src/sd_diskio.c                       0x00000000   Number         0  sd_diskio.o ABSOLUTE
    ../Src/stm32f4xx_hal_msp.c               0x00000000   Number         0  stm32f4xx_hal_msp.o ABSOLUTE
    ../Src/stm32f4xx_it.c                    0x00000000   Number         0  stm32f4xx_it.o ABSOLUTE
    ../clib/microlib/division.c              0x00000000   Number         0  uidiv.o ABSOLUTE
    ../clib/microlib/division.c              0x00000000   Number         0  uldiv.o ABSOLUTE
    ../clib/microlib/init/entry.s            0x00000000   Number         0  entry5.o ABSOLUTE
    ../clib/microlib/init/entry.s            0x00000000   Number         0  entry11b.o ABSOLUTE
    ../clib/microlib/init/entry.s            0x00000000   Number         0  entry11a.o ABSOLUTE
    ../clib/microlib/init/entry.s            0x00000000   Number         0  entry2.o ABSOLUTE
    ../clib/microlib/init/entry.s            0x00000000   Number         0  entry10b.o ABSOLUTE
    ../clib/microlib/init/entry.s            0x00000000   Number         0  entry9b.o ABSOLUTE
    ../clib/microlib/init/entry.s            0x00000000   Number         0  entry10a.o ABSOLUTE
    ../clib/microlib/init/entry.s            0x00000000   Number         0  entry9a.o ABSOLUTE
    ../clib/microlib/init/entry.s            0x00000000   Number         0  entry8b.o ABSOLUTE
    ../clib/microlib/init/entry.s            0x00000000   Number         0  entry8a.o ABSOLUTE
    ../clib/microlib/init/entry.s            0x00000000   Number         0  entry7b.o ABSOLUTE
    ../clib/microlib/init/entry.s            0x00000000   Number         0  entry7a.o ABSOLUTE
    ../clib/microlib/init/entry.s            0x00000000   Number         0  entry.o ABSOLUTE
    ../clib/microlib/longlong.c              0x00000000   Number         0  llsshr.o ABSOLUTE
    ../clib/microlib/longlong.c              0x00000000   Number         0  llshl.o ABSOLUTE
    ../clib/microlib/longlong.c              0x00000000   Number         0  llushr.o ABSOLUTE
    ../clib/microlib/printf/printf.c         0x00000000   Number         0  printf3.o ABSOLUTE
    ../clib/microlib/printf/printf.c         0x00000000   Number         0  printf1.o ABSOLUTE
    ../clib/microlib/printf/printf.c         0x00000000   Number         0  printf0.o ABSOLUTE
    ../clib/microlib/printf/printf.c         0x00000000   Number         0  printf7.o ABSOLUTE
    ../clib/microlib/printf/printf.c         0x00000000   Number         0  printfa.o ABSOLUTE
    ../clib/microlib/printf/printf.c         0x00000000   Number         0  printf2.o ABSOLUTE
    ../clib/microlib/printf/printf.c         0x00000000   Number         0  printf8.o ABSOLUTE
    ../clib/microlib/printf/printf.c         0x00000000   Number         0  printf6.o ABSOLUTE
    ../clib/microlib/printf/printf.c         0x00000000   Number         0  printf5.o ABSOLUTE
    ../clib/microlib/printf/printf.c         0x00000000   Number         0  printfb.o ABSOLUTE
    ../clib/microlib/printf/printf.c         0x00000000   Number         0  printf4.o ABSOLUTE
    ../clib/microlib/printf/stubs.s          0x00000000   Number         0  stubs.o ABSOLUTE
    ../clib/microlib/stdio/streams.c         0x00000000   Number         0  stdout.o ABSOLUTE
    ../clib/microlib/stubs.s                 0x00000000   Number         0  iusefp.o ABSOLUTE
    ../fplib/microlib/fpadd.c                0x00000000   Number         0  dadd.o ABSOLUTE
    ../fplib/microlib/fpdiv.c                0x00000000   Number         0  ddiv.o ABSOLUTE
    ../fplib/microlib/fpepilogue.c           0x00000000   Number         0  depilogue.o ABSOLUTE
    ../fplib/microlib/fpfix.c                0x00000000   Number         0  dfixul.o ABSOLUTE
    ../fplib/microlib/fpmul.c                0x00000000   Number         0  dmul.o ABSOLUTE
    ..\Drivers\STM32F4xx_HAL_Driver\Src\stm32f4xx_hal.c 0x00000000   Number         0  stm32f4xx_hal.o ABSOLUTE
    ..\Drivers\STM32F4xx_HAL_Driver\Src\stm32f4xx_hal_cortex.c 0x00000000   Number         0  stm32f4xx_hal_cortex.o ABSOLUTE
    ..\Drivers\STM32F4xx_HAL_Driver\Src\stm32f4xx_hal_dma.c 0x00000000   Number         0  stm32f4xx_hal_dma.o ABSOLUTE
    ..\Drivers\STM32F4xx_HAL_Driver\Src\stm32f4xx_hal_dma_ex.c 0x00000000   Number         0  stm32f4xx_hal_dma_ex.o ABSOLUTE
    ..\Drivers\STM32F4xx_HAL_Driver\Src\stm32f4xx_hal_flash.c 0x00000000   Number         0  stm32f4xx_hal_flash.o ABSOLUTE
    ..\Drivers\STM32F4xx_HAL_Driver\Src\stm32f4xx_hal_flash_ex.c 0x00000000   Number         0  stm32f4xx_hal_flash_ex.o ABSOLUTE
    ..\Drivers\STM32F4xx_HAL_Driver\Src\stm32f4xx_hal_flash_ramfunc.c 0x00000000   Number         0  stm32f4xx_hal_flash_ramfunc.o ABSOLUTE
    ..\Drivers\STM32F4xx_HAL_Driver\Src\stm32f4xx_hal_gpio.c 0x00000000   Number         0  stm32f4xx_hal_gpio.o ABSOLUTE
    ..\Drivers\STM32F4xx_HAL_Driver\Src\stm32f4xx_hal_pwr.c 0x00000000   Number         0  stm32f4xx_hal_pwr.o ABSOLUTE
    ..\Drivers\STM32F4xx_HAL_Driver\Src\stm32f4xx_hal_pwr_ex.c 0x00000000   Number         0  stm32f4xx_hal_pwr_ex.o ABSOLUTE
    ..\Drivers\STM32F4xx_HAL_Driver\Src\stm32f4xx_hal_rcc.c 0x00000000   Number         0  stm32f4xx_hal_rcc.o ABSOLUTE
    ..\Drivers\STM32F4xx_HAL_Driver\Src\stm32f4xx_hal_rcc_ex.c 0x00000000   Number         0  stm32f4xx_hal_rcc_ex.o ABSOLUTE
    ..\Drivers\STM32F4xx_HAL_Driver\Src\stm32f4xx_hal_sd.c 0x00000000   Number         0  stm32f4xx_hal_sd.o ABSOLUTE
    ..\Drivers\STM32F4xx_HAL_Driver\Src\stm32f4xx_hal_tim.c 0x00000000   Number         0  stm32f4xx_hal_tim.o ABSOLUTE
    ..\Drivers\STM32F4xx_HAL_Driver\Src\stm32f4xx_hal_tim_ex.c 0x00000000   Number         0  stm32f4xx_hal_tim_ex.o ABSOLUTE
    ..\Drivers\STM32F4xx_HAL_Driver\Src\stm32f4xx_hal_uart.c 0x00000000   Number         0  stm32f4xx_hal_uart.o ABSOLUTE
    ..\Drivers\STM32F4xx_HAL_Driver\Src\stm32f4xx_ll_sdmmc.c 0x00000000   Number         0  stm32f4xx_ll_sdmmc.o ABSOLUTE
    ..\Middlewares\Third_Party\FatFs\src\diskio.c 0x00000000   Number         0  diskio.o ABSOLUTE
    ..\Middlewares\Third_Party\FatFs\src\ff.c 0x00000000   Number         0  ff.o ABSOLUTE
    ..\Middlewares\Third_Party\FatFs\src\ff_gen_drv.c 0x00000000   Number         0  ff_gen_drv.o ABSOLUTE
    ..\Middlewares\Third_Party\FatFs\src\option\cc950.c 0x00000000   Number         0  cc950.o ABSOLUTE
    ..\Middlewares\Third_Party\FatFs\src\option\syscall.c 0x00000000   Number         0  syscall.o ABSOLUTE
    ..\Src\bsp_driver_sd.c                   0x00000000   Number         0  bsp_driver_sd.o ABSOLUTE
    ..\Src\fatfs.c                           0x00000000   Number         0  fatfs.o ABSOLUTE
    ..\Src\main.c                            0x00000000   Number         0  main.o ABSOLUTE
    ..\Src\sd_diskio.c                       0x00000000   Number         0  sd_diskio.o ABSOLUTE
    ..\Src\stm32f4xx_hal_msp.c               0x00000000   Number         0  stm32f4xx_hal_msp.o ABSOLUTE
    ..\Src\stm32f4xx_it.c                    0x00000000   Number         0  stm32f4xx_it.o ABSOLUTE
    ..\\Src\system_stm32f4xx.c               0x00000000   Number         0  system_stm32f4xx.o ABSOLUTE
    cdrcmple.s                               0x00000000   Number         0  cdrcmple.o ABSOLUTE
    dc.s                                     0x00000000   Number         0  dc.o ABSOLUTE
    handlers.s                               0x00000000   Number         0  handlers.o ABSOLUTE
    init.s                                   0x00000000   Number         0  init.o ABSOLUTE
    startup_stm32f407xx.s                    0x00000000   Number         0  startup_stm32f407xx.o ABSOLUTE
    RESET                                    0x08000000   Section      392  startup_stm32f407xx.o(RESET)
    .ARM.Collect$$$$00000000                 0x08000188   Section        0  entry.o(.ARM.Collect$$$$00000000)
    .ARM.Collect$$$$00000001                 0x08000188   Section        4  entry2.o(.ARM.Collect$$$$00000001)
    .ARM.Collect$$$$00000004                 0x0800018c   Section        4  entry5.o(.ARM.Collect$$$$00000004)
    .ARM.Collect$$$$00000008                 0x08000190   Section        0  entry7b.o(.ARM.Collect$$$$00000008)
    .ARM.Collect$$$$0000000A                 0x08000190   Section        0  entry8b.o(.ARM.Collect$$$$0000000A)
    .ARM.Collect$$$$0000000B                 0x08000190   Section        8  entry9a.o(.ARM.Collect$$$$0000000B)
    .ARM.Collect$$$$0000000D                 0x08000198   Section        0  entry10a.o(.ARM.Collect$$$$0000000D)
    .ARM.Collect$$$$0000000F                 0x08000198   Section        0  entry11a.o(.ARM.Collect$$$$0000000F)
    .ARM.Collect$$$$00002712                 0x08000198   Section        4  entry2.o(.ARM.Collect$$$$00002712)
    __lit__00000000                          0x08000198   Data           4  entry2.o(.ARM.Collect$$$$00002712)
    .text                                    0x0800019c   Section       36  startup_stm32f407xx.o(.text)
    $v0                                      0x0800019c   Number         0  startup_stm32f407xx.o(.text)
    .text                                    0x080001c0   Section        0  uldiv.o(.text)
    .text                                    0x08000222   Section        0  uidiv.o(.text)
    .text                                    0x0800024e   Section        0  llshl.o(.text)
    .text                                    0x0800026c   Section        0  llushr.o(.text)
    .text                                    0x0800028c   Section       36  init.o(.text)
    i.BSP_SD_AbortCallback                   0x080002b0   Section        0  bsp_driver_sd.o(i.BSP_SD_AbortCallback)
    i.BSP_SD_GetCardInfo                     0x080002b4   Section        0  bsp_driver_sd.o(i.BSP_SD_GetCardInfo)
    i.BSP_SD_GetCardState                    0x080002c0   Section        0  bsp_driver_sd.o(i.BSP_SD_GetCardState)
    i.BSP_SD_Init                            0x080002d8   Section        0  bsp_driver_sd.o(i.BSP_SD_Init)
    i.BSP_SD_ReadBlocks_DMA                  0x080002fc   Section        0  bsp_driver_sd.o(i.BSP_SD_ReadBlocks_DMA)
    i.BSP_SD_ReadCpltCallback                0x08000318   Section        0  sd_diskio.o(i.BSP_SD_ReadCpltCallback)
    i.BSP_SD_WriteBlocks_DMA                 0x08000324   Section        0  bsp_driver_sd.o(i.BSP_SD_WriteBlocks_DMA)
    i.BSP_SD_WriteCpltCallback               0x08000340   Section        0  sd_diskio.o(i.BSP_SD_WriteCpltCallback)
    i.BusFault_Handler                       0x0800034c   Section        0  stm32f4xx_it.o(i.BusFault_Handler)
    i.DMA2_Stream3_IRQHandler                0x08000350   Section        0  stm32f4xx_it.o(i.DMA2_Stream3_IRQHandler)
    i.DMA2_Stream6_IRQHandler                0x0800035c   Section        0  stm32f4xx_it.o(i.DMA2_Stream6_IRQHandler)
    i.DMA_CalcBaseAndBitshift                0x08000368   Section        0  stm32f4xx_hal_dma.o(i.DMA_CalcBaseAndBitshift)
    DMA_CalcBaseAndBitshift                  0x08000369   Thumb Code    34  stm32f4xx_hal_dma.o(i.DMA_CalcBaseAndBitshift)
    i.DMA_CheckFifoParam                     0x08000390   Section        0  stm32f4xx_hal_dma.o(i.DMA_CheckFifoParam)
    DMA_CheckFifoParam                       0x08000391   Thumb Code    84  stm32f4xx_hal_dma.o(i.DMA_CheckFifoParam)
    i.DMA_SetConfig                          0x080003e4   Section        0  stm32f4xx_hal_dma.o(i.DMA_SetConfig)
    DMA_SetConfig                            0x080003e5   Thumb Code    40  stm32f4xx_hal_dma.o(i.DMA_SetConfig)
    i.DebugMon_Handler                       0x0800040c   Section        0  stm32f4xx_it.o(i.DebugMon_Handler)
    i.FATFS_LinkDriver                       0x0800040e   Section        0  ff_gen_drv.o(i.FATFS_LinkDriver)
    i.FATFS_LinkDriverEx                     0x08000414   Section        0  ff_gen_drv.o(i.FATFS_LinkDriverEx)
    i.HAL_DMA_Abort_IT                       0x08000454   Section        0  stm32f4xx_hal_dma.o(i.HAL_DMA_Abort_IT)
    i.HAL_DMA_IRQHandler                     0x08000478   Section        0  stm32f4xx_hal_dma.o(i.HAL_DMA_IRQHandler)
    i.HAL_DMA_Init                           0x08000618   Section        0  stm32f4xx_hal_dma.o(i.HAL_DMA_Init)
    i.HAL_DMA_Start_IT                       0x080006ec   Section        0  stm32f4xx_hal_dma.o(i.HAL_DMA_Start_IT)
    i.HAL_Delay                              0x08000764   Section        0  stm32f4xx_hal.o(i.HAL_Delay)
    i.HAL_GPIO_Init                          0x08000788   Section        0  stm32f4xx_hal_gpio.o(i.HAL_GPIO_Init)
    i.HAL_GetTick                            0x08000938   Section        0  stm32f4xx_hal.o(i.HAL_GetTick)
    i.HAL_IncTick                            0x08000944   Section        0  stm32f4xx_hal.o(i.HAL_IncTick)
    i.HAL_Init                               0x08000954   Section        0  stm32f4xx_hal.o(i.HAL_Init)
    i.HAL_InitTick                           0x08000988   Section        0  stm32f4xx_hal.o(i.HAL_InitTick)
    i.HAL_MspInit                            0x080009c8   Section        0  stm32f4xx_hal_msp.o(i.HAL_MspInit)
    i.HAL_NVIC_EnableIRQ                     0x08000a4c   Section        0  stm32f4xx_hal_cortex.o(i.HAL_NVIC_EnableIRQ)
    i.HAL_NVIC_SetPriority                   0x08000a64   Section        0  stm32f4xx_hal_cortex.o(i.HAL_NVIC_SetPriority)
    i.HAL_NVIC_SetPriorityGrouping           0x08000aa4   Section        0  stm32f4xx_hal_cortex.o(i.HAL_NVIC_SetPriorityGrouping)
    i.HAL_RCC_ClockConfig                    0x08000ac8   Section        0  stm32f4xx_hal_rcc.o(i.HAL_RCC_ClockConfig)
    i.HAL_RCC_GetHCLKFreq                    0x08000bf8   Section        0  stm32f4xx_hal_rcc.o(i.HAL_RCC_GetHCLKFreq)
    i.HAL_RCC_GetPCLK1Freq                   0x08000c04   Section        0  stm32f4xx_hal_rcc.o(i.HAL_RCC_GetPCLK1Freq)
    i.HAL_RCC_GetPCLK2Freq                   0x08000c24   Section        0  stm32f4xx_hal_rcc.o(i.HAL_RCC_GetPCLK2Freq)
    i.HAL_RCC_GetSysClockFreq                0x08000c44   Section        0  stm32f4xx_hal_rcc.o(i.HAL_RCC_GetSysClockFreq)
    i.HAL_RCC_OscConfig                      0x08000ca8   Section        0  stm32f4xx_hal_rcc.o(i.HAL_RCC_OscConfig)
    i.HAL_SD_AbortCallback                   0x08000fc4   Section        0  bsp_driver_sd.o(i.HAL_SD_AbortCallback)
    i.HAL_SD_ErrorCallback                   0x08000fcc   Section        0  stm32f4xx_hal_sd.o(i.HAL_SD_ErrorCallback)
    i.HAL_SD_GetCardCSD                      0x08000fce   Section        0  stm32f4xx_hal_sd.o(i.HAL_SD_GetCardCSD)
    i.HAL_SD_GetCardInfo                     0x080011a8   Section        0  stm32f4xx_hal_sd.o(i.HAL_SD_GetCardInfo)
    i.HAL_SD_GetCardState                    0x080011cc   Section        0  stm32f4xx_hal_sd.o(i.HAL_SD_GetCardState)
    i.HAL_SD_IRQHandler                      0x080011f8   Section        0  stm32f4xx_hal_sd.o(i.HAL_SD_IRQHandler)
    i.HAL_SD_Init                            0x080013b8   Section        0  stm32f4xx_hal_sd.o(i.HAL_SD_Init)
    i.HAL_SD_InitCard                        0x080013f0   Section        0  stm32f4xx_hal_sd.o(i.HAL_SD_InitCard)
    i.HAL_SD_MspInit                         0x08001444   Section        0  stm32f4xx_hal_msp.o(i.HAL_SD_MspInit)
    i.HAL_SD_ReadBlocks_DMA                  0x0800157c   Section        0  stm32f4xx_hal_sd.o(i.HAL_SD_ReadBlocks_DMA)
    i.HAL_SD_RxCpltCallback                  0x08001670   Section        0  bsp_driver_sd.o(i.HAL_SD_RxCpltCallback)
    i.HAL_SD_TxCpltCallback                  0x08001678   Section        0  bsp_driver_sd.o(i.HAL_SD_TxCpltCallback)
    i.HAL_SD_WriteBlocks_DMA                 0x08001680   Section        0  stm32f4xx_hal_sd.o(i.HAL_SD_WriteBlocks_DMA)
    i.HAL_SYSTICK_CLKSourceConfig            0x08001774   Section        0  stm32f4xx_hal_cortex.o(i.HAL_SYSTICK_CLKSourceConfig)
    i.HAL_SYSTICK_Callback                   0x0800178c   Section        0  stm32f4xx_hal_cortex.o(i.HAL_SYSTICK_Callback)
    i.HAL_SYSTICK_Config                     0x0800178e   Section        0  stm32f4xx_hal_cortex.o(i.HAL_SYSTICK_Config)
    i.HAL_SYSTICK_IRQHandler                 0x080017b6   Section        0  stm32f4xx_hal_cortex.o(i.HAL_SYSTICK_IRQHandler)
    i.HAL_UART_Init                          0x080017be   Section        0  stm32f4xx_hal_uart.o(i.HAL_UART_Init)
    i.HAL_UART_MspInit                       0x08001820   Section        0  stm32f4xx_hal_msp.o(i.HAL_UART_MspInit)
    i.HAL_UART_Transmit                      0x0800186c   Section        0  stm32f4xx_hal_uart.o(i.HAL_UART_Transmit)
    i.HardFault_Handler                      0x08001926   Section        0  stm32f4xx_it.o(i.HardFault_Handler)
    i.MX_FATFS_Init                          0x08001928   Section        0  fatfs.o(i.MX_FATFS_Init)
    i.MemManage_Handler                      0x08001944   Section        0  stm32f4xx_it.o(i.MemManage_Handler)
    i.NMI_Handler                            0x08001946   Section        0  stm32f4xx_it.o(i.NMI_Handler)
    i.NVIC_SetPriority                       0x08001948   Section        0  stm32f4xx_hal_cortex.o(i.NVIC_SetPriority)
    NVIC_SetPriority                         0x08001949   Thumb Code    32  stm32f4xx_hal_cortex.o(i.NVIC_SetPriority)
    i.PendSV_Handler                         0x08001968   Section        0  stm32f4xx_it.o(i.PendSV_Handler)
    i.SDIO_ConfigData                        0x0800196a   Section        0  stm32f4xx_ll_sdmmc.o(i.SDIO_ConfigData)
    i.SDIO_GetPowerState                     0x0800198e   Section        0  stm32f4xx_ll_sdmmc.o(i.SDIO_GetPowerState)
    i.SDIO_GetResponse                       0x08001996   Section        0  stm32f4xx_ll_sdmmc.o(i.SDIO_GetResponse)
    i.SDIO_IRQHandler                        0x080019a4   Section        0  stm32f4xx_it.o(i.SDIO_IRQHandler)
    i.SDIO_Init                              0x080019b0   Section        0  stm32f4xx_ll_sdmmc.o(i.SDIO_Init)
    i.SDIO_PowerState_ON                     0x080019d4   Section        0  stm32f4xx_ll_sdmmc.o(i.SDIO_PowerState_ON)
    i.SDIO_ReadFIFO                          0x080019dc   Section        0  stm32f4xx_ll_sdmmc.o(i.SDIO_ReadFIFO)
    i.SDIO_SendCommand                       0x080019e2   Section        0  stm32f4xx_ll_sdmmc.o(i.SDIO_SendCommand)
    i.SDIO_WriteFIFO                         0x08001a02   Section        0  stm32f4xx_ll_sdmmc.o(i.SDIO_WriteFIFO)
    i.SDMMC_CmdAppCommand                    0x08001a0c   Section        0  stm32f4xx_ll_sdmmc.o(i.SDMMC_CmdAppCommand)
    i.SDMMC_CmdAppOperCommand                0x08001a40   Section        0  stm32f4xx_ll_sdmmc.o(i.SDMMC_CmdAppOperCommand)
    i.SDMMC_CmdBlockLength                   0x08001a74   Section        0  stm32f4xx_ll_sdmmc.o(i.SDMMC_CmdBlockLength)
    i.SDMMC_CmdGoIdleState                   0x08001aa8   Section        0  stm32f4xx_ll_sdmmc.o(i.SDMMC_CmdGoIdleState)
    i.SDMMC_CmdOperCond                      0x08001af8   Section        0  stm32f4xx_ll_sdmmc.o(i.SDMMC_CmdOperCond)
    i.SDMMC_CmdReadMultiBlock                0x08001b60   Section        0  stm32f4xx_ll_sdmmc.o(i.SDMMC_CmdReadMultiBlock)
    i.SDMMC_CmdReadSingleBlock               0x08001b92   Section        0  stm32f4xx_ll_sdmmc.o(i.SDMMC_CmdReadSingleBlock)
    i.SDMMC_CmdSelDesel                      0x08001bc4   Section        0  stm32f4xx_ll_sdmmc.o(i.SDMMC_CmdSelDesel)
    i.SDMMC_CmdSendCID                       0x08001bf6   Section        0  stm32f4xx_ll_sdmmc.o(i.SDMMC_CmdSendCID)
    i.SDMMC_CmdSendCSD                       0x08001c22   Section        0  stm32f4xx_ll_sdmmc.o(i.SDMMC_CmdSendCSD)
    i.SDMMC_CmdSendStatus                    0x08001c4e   Section        0  stm32f4xx_ll_sdmmc.o(i.SDMMC_CmdSendStatus)
    i.SDMMC_CmdSetRelAdd                     0x08001c80   Section        0  stm32f4xx_ll_sdmmc.o(i.SDMMC_CmdSetRelAdd)
    i.SDMMC_CmdStopTransfer                  0x08001cb0   Section        0  stm32f4xx_ll_sdmmc.o(i.SDMMC_CmdStopTransfer)
    i.SDMMC_CmdWriteMultiBlock               0x08001ce4   Section        0  stm32f4xx_ll_sdmmc.o(i.SDMMC_CmdWriteMultiBlock)
    i.SDMMC_CmdWriteSingleBlock              0x08001d16   Section        0  stm32f4xx_ll_sdmmc.o(i.SDMMC_CmdWriteSingleBlock)
    i.SDMMC_GetCmdResp1                      0x08001d48   Section        0  stm32f4xx_ll_sdmmc.o(i.SDMMC_GetCmdResp1)
    SDMMC_GetCmdResp1                        0x08001d49   Thumb Code   276  stm32f4xx_ll_sdmmc.o(i.SDMMC_GetCmdResp1)
    i.SDMMC_GetCmdResp2                      0x08001e64   Section        0  stm32f4xx_ll_sdmmc.o(i.SDMMC_GetCmdResp2)
    SDMMC_GetCmdResp2                        0x08001e65   Thumb Code    74  stm32f4xx_ll_sdmmc.o(i.SDMMC_GetCmdResp2)
    i.SDMMC_GetCmdResp3                      0x08001eb4   Section        0  stm32f4xx_ll_sdmmc.o(i.SDMMC_GetCmdResp3)
    SDMMC_GetCmdResp3                        0x08001eb5   Thumb Code    60  stm32f4xx_ll_sdmmc.o(i.SDMMC_GetCmdResp3)
    i.SDMMC_GetCmdResp6                      0x08001ef4   Section        0  stm32f4xx_ll_sdmmc.o(i.SDMMC_GetCmdResp6)
    SDMMC_GetCmdResp6                        0x08001ef5   Thumb Code   128  stm32f4xx_ll_sdmmc.o(i.SDMMC_GetCmdResp6)
    i.SD_CheckStatus                         0x08001f78   Section        0  sd_diskio.o(i.SD_CheckStatus)
    SD_CheckStatus                           0x08001f79   Thumb Code    26  sd_diskio.o(i.SD_CheckStatus)
    i.SD_DMAError                            0x08001f98   Section        0  stm32f4xx_hal_sd.o(i.SD_DMAError)
    SD_DMAError                              0x08001f99   Thumb Code    86  stm32f4xx_hal_sd.o(i.SD_DMAError)
    i.SD_DMAReceiveCplt                      0x08001fee   Section        0  stm32f4xx_hal_sd.o(i.SD_DMAReceiveCplt)
    SD_DMAReceiveCplt                        0x08001fef   Thumb Code    62  stm32f4xx_hal_sd.o(i.SD_DMAReceiveCplt)
    i.SD_DMARxAbort                          0x0800202c   Section        0  stm32f4xx_hal_sd.o(i.SD_DMARxAbort)
    SD_DMARxAbort                            0x0800202d   Thumb Code    72  stm32f4xx_hal_sd.o(i.SD_DMARxAbort)
    i.SD_DMATransmitCplt                     0x08002074   Section        0  stm32f4xx_hal_sd.o(i.SD_DMATransmitCplt)
    SD_DMATransmitCplt                       0x08002075   Thumb Code    14  stm32f4xx_hal_sd.o(i.SD_DMATransmitCplt)
    i.SD_DMATxAbort                          0x08002082   Section        0  stm32f4xx_hal_sd.o(i.SD_DMATxAbort)
    SD_DMATxAbort                            0x08002083   Thumb Code    72  stm32f4xx_hal_sd.o(i.SD_DMATxAbort)
    i.SD_InitCard                            0x080020ca   Section        0  stm32f4xx_hal_sd.o(i.SD_InitCard)
    SD_InitCard                              0x080020cb   Thumb Code   230  stm32f4xx_hal_sd.o(i.SD_InitCard)
    i.SD_PowerON                             0x080021b0   Section        0  stm32f4xx_hal_sd.o(i.SD_PowerON)
    SD_PowerON                               0x080021b1   Thumb Code   162  stm32f4xx_hal_sd.o(i.SD_PowerON)
    i.SD_initialize                          0x08002254   Section        0  sd_diskio.o(i.SD_initialize)
    i.SD_ioctl                               0x08002274   Section        0  sd_diskio.o(i.SD_ioctl)
    i.SD_read                                0x080022c4   Section        0  sd_diskio.o(i.SD_read)
    i.SD_status                              0x08002330   Section        0  sd_diskio.o(i.SD_status)
    i.SD_write                               0x08002334   Section        0  sd_diskio.o(i.SD_write)
    i.SVC_Handler                            0x080023a0   Section        0  stm32f4xx_it.o(i.SVC_Handler)
    i.SysTick_Handler                        0x080023a2   Section        0  stm32f4xx_it.o(i.SysTick_Handler)
    i.SystemClock_Config                     0x080023b0   Section        0  main.o(i.SystemClock_Config)
    i.SystemInit                             0x08002450   Section        0  system_stm32f4xx.o(i.SystemInit)
    i.UART_SetConfig                         0x080024a4   Section        0  stm32f4xx_hal_uart.o(i.UART_SetConfig)
    UART_SetConfig                           0x080024a5   Thumb Code   676  stm32f4xx_hal_uart.o(i.UART_SetConfig)
    i.UART_WaitOnFlagUntilTimeout            0x08002750   Section        0  stm32f4xx_hal_uart.o(i.UART_WaitOnFlagUntilTimeout)
    UART_WaitOnFlagUntilTimeout              0x08002751   Thumb Code   100  stm32f4xx_hal_uart.o(i.UART_WaitOnFlagUntilTimeout)
    i.UsageFault_Handler                     0x080027b4   Section        0  stm32f4xx_it.o(i.UsageFault_Handler)
    i._Error_Handler                         0x080027b6   Section        0  main.o(i._Error_Handler)
    i.__0printf$3                            0x080027b8   Section        0  printf3.o(i.__0printf$3)
    i.__scatterload_copy                     0x080027d8   Section       14  handlers.o(i.__scatterload_copy)
    i.__scatterload_null                     0x080027e6   Section        2  handlers.o(i.__scatterload_null)
    i.__scatterload_zeroinit                 0x080027e8   Section       14  handlers.o(i.__scatterload_zeroinit)
    i._printf_core                           0x080027f8   Section        0  printf3.o(i._printf_core)
    _printf_core                             0x080027f9   Thumb Code   436  printf3.o(i._printf_core)
    i.check_fs                               0x080029b0   Section        0  ff.o(i.check_fs)
    check_fs                                 0x080029b1   Thumb Code   102  ff.o(i.check_fs)
    i.chk_chr                                0x08002a20   Section        0  ff.o(i.chk_chr)
    chk_chr                                  0x08002a21   Thumb Code    16  ff.o(i.chk_chr)
    i.chk_lock                               0x08002a30   Section        0  ff.o(i.chk_lock)
    chk_lock                                 0x08002a31   Thumb Code    86  ff.o(i.chk_lock)
    i.clear_lock                             0x08002a8c   Section        0  ff.o(i.clear_lock)
    clear_lock                               0x08002a8d   Thumb Code    28  ff.o(i.clear_lock)
    i.clmt_clust                             0x08002aac   Section        0  ff.o(i.clmt_clust)
    clmt_clust                               0x08002aad   Thumb Code    36  ff.o(i.clmt_clust)
    i.clust2sect                             0x08002ad0   Section        0  ff.o(i.clust2sect)
    clust2sect                               0x08002ad1   Thumb Code    24  ff.o(i.clust2sect)
    i.cmp_lfn                                0x08002ae8   Section        0  ff.o(i.cmp_lfn)
    cmp_lfn                                  0x08002ae9   Thumb Code   124  ff.o(i.cmp_lfn)
    i.create_chain                           0x08002b68   Section        0  ff.o(i.create_chain)
    create_chain                             0x08002b69   Thumb Code   164  ff.o(i.create_chain)
    i.create_name                            0x08002c0c   Section        0  ff.o(i.create_name)
    create_name                              0x08002c0d   Thumb Code   560  ff.o(i.create_name)
    i.dec_lock                               0x08002e50   Section        0  ff.o(i.dec_lock)
    dec_lock                                 0x08002e51   Thumb Code    48  ff.o(i.dec_lock)
    i.dir_find                               0x08002e84   Section        0  ff.o(i.dir_find)
    dir_find                                 0x08002e85   Thumb Code   208  ff.o(i.dir_find)
    i.dir_next                               0x08002f54   Section        0  ff.o(i.dir_next)
    dir_next                                 0x08002f55   Thumb Code   244  ff.o(i.dir_next)
    i.dir_register                           0x08003048   Section        0  ff.o(i.dir_register)
    dir_register                             0x08003049   Thumb Code   480  ff.o(i.dir_register)
    i.dir_sdi                                0x0800322c   Section        0  ff.o(i.dir_sdi)
    dir_sdi                                  0x0800322d   Thumb Code   130  ff.o(i.dir_sdi)
    i.disk_initialize                        0x080032b0   Section        0  diskio.o(i.disk_initialize)
    i.disk_ioctl                             0x080032d8   Section        0  diskio.o(i.disk_ioctl)
    i.disk_read                              0x080032f4   Section        0  diskio.o(i.disk_read)
    i.disk_status                            0x08003310   Section        0  diskio.o(i.disk_status)
    i.disk_write                             0x08003328   Section        0  diskio.o(i.disk_write)
    i.f_close                                0x08003344   Section        0  ff.o(i.f_close)
    i.f_mount                                0x0800336c   Section        0  ff.o(i.f_mount)
    i.f_open                                 0x080033c4   Section        0  ff.o(i.f_open)
    i.f_read                                 0x080035d8   Section        0  ff.o(i.f_read)
    i.f_sync                                 0x0800372a   Section        0  ff.o(i.f_sync)
    i.f_write                                0x080037b8   Section        0  ff.o(i.f_write)
    i.ff_convert                             0x08003948   Section        0  cc950.o(i.ff_convert)
    i.ff_wtoupper                            0x08003994   Section        0  cc950.o(i.ff_wtoupper)
    i.find_volume                            0x08003a14   Section        0  ff.o(i.find_volume)
    find_volume                              0x08003a15   Thumb Code   582  ff.o(i.find_volume)
    i.follow_path                            0x08003c68   Section        0  ff.o(i.follow_path)
    follow_path                              0x08003c69   Thumb Code   116  ff.o(i.follow_path)
    i.fputc                                  0x08003cdc   Section        0  main.o(i.fputc)
    i.gen_numname                            0x08003cf8   Section        0  ff.o(i.gen_numname)
    gen_numname                              0x08003cf9   Thumb Code   136  ff.o(i.gen_numname)
    i.get_fat                                0x08003d84   Section        0  ff.o(i.get_fat)
    get_fat                                  0x08003d85   Thumb Code   190  ff.o(i.get_fat)
    i.get_fattime                            0x08003e42   Section        0  fatfs.o(i.get_fattime)
    i.get_ldnumber                           0x08003e46   Section        0  ff.o(i.get_ldnumber)
    get_ldnumber                             0x08003e47   Thumb Code    60  ff.o(i.get_ldnumber)
    i.inc_lock                               0x08003e84   Section        0  ff.o(i.inc_lock)
    inc_lock                                 0x08003e85   Thumb Code   124  ff.o(i.inc_lock)
    i.ld_clust                               0x08003f04   Section        0  ff.o(i.ld_clust)
    ld_clust                                 0x08003f05   Thumb Code    38  ff.o(i.ld_clust)
    i.ld_dword                               0x08003f2a   Section        0  ff.o(i.ld_dword)
    ld_dword                                 0x08003f2b   Thumb Code    22  ff.o(i.ld_dword)
    i.ld_word                                0x08003f40   Section        0  ff.o(i.ld_word)
    ld_word                                  0x08003f41   Thumb Code    10  ff.o(i.ld_word)
    i.main                                   0x08003f4c   Section        0  main.o(i.main)
    i.mem_cpy                                0x08004278   Section        0  ff.o(i.mem_cpy)
    mem_cpy                                  0x08004279   Thumb Code    18  ff.o(i.mem_cpy)
    i.mem_set                                0x0800428c   Section        0  ff.o(i.mem_set)
    mem_set                                  0x0800428d   Thumb Code    14  ff.o(i.mem_set)
    i.move_window                            0x0800429a   Section        0  ff.o(i.move_window)
    move_window                              0x0800429b   Thumb Code    50  ff.o(i.move_window)
    i.put_fat                                0x080042cc   Section        0  ff.o(i.put_fat)
    put_fat                                  0x080042cd   Thumb Code   234  ff.o(i.put_fat)
    i.remove_chain                           0x080043b6   Section        0  ff.o(i.remove_chain)
    remove_chain                             0x080043b7   Thumb Code   116  ff.o(i.remove_chain)
    i.st_clust                               0x0800442a   Section        0  ff.o(i.st_clust)
    st_clust                                 0x0800442b   Thumb Code    40  ff.o(i.st_clust)
    i.st_dword                               0x08004452   Section        0  ff.o(i.st_dword)
    st_dword                                 0x08004453   Thumb Code    16  ff.o(i.st_dword)
    i.st_word                                0x08004462   Section        0  ff.o(i.st_word)
    st_word                                  0x08004463   Thumb Code     8  ff.o(i.st_word)
    i.sum_sfn                                0x0800446a   Section        0  ff.o(i.sum_sfn)
    sum_sfn                                  0x0800446b   Thumb Code    26  ff.o(i.sum_sfn)
    i.sync_fs                                0x08004484   Section        0  ff.o(i.sync_fs)
    sync_fs                                  0x08004485   Thumb Code   126  ff.o(i.sync_fs)
    i.sync_window                            0x0800450c   Section        0  ff.o(i.sync_window)
    sync_window                              0x0800450d   Thumb Code    82  ff.o(i.sync_window)
    i.validate                               0x0800455e   Section        0  ff.o(i.validate)
    validate                                 0x0800455f   Thumb Code    50  ff.o(i.validate)
    .constdata                               0x08004590   Section       20  sd_diskio.o(.constdata)
    .constdata                               0x080045a4   Section        8  stm32f4xx_hal_dma.o(.constdata)
    flagBitshiftOffset                       0x080045a4   Data           8  stm32f4xx_hal_dma.o(.constdata)
    .constdata                               0x080045ac   Section       16  system_stm32f4xx.o(.constdata)
    .constdata                               0x080045bc   Section        8  system_stm32f4xx.o(.constdata)
    .constdata                               0x080045c4   Section    108718  cc950.o(.constdata)
    uni2oem                                  0x080045c4   Data       54016  cc950.o(.constdata)
    oem2uni                                  0x080118c4   Data       54016  cc950.o(.constdata)
    cvt1                                     0x0801ebc4   Data         498  cc950.o(.constdata)
    cvt2                                     0x0801edb6   Data         188  cc950.o(.constdata)
    .constdata                               0x0801ee72   Section       42  ff.o(.constdata)
    LfnOfs                                   0x0801ee72   Data          13  ff.o(.constdata)
    cst                                      0x0801ee80   Data          14  ff.o(.constdata)
    cst32                                    0x0801ee8e   Data          14  ff.o(.constdata)
    .data                                    0x20000000   Section       55  main.o(.data)
    .data                                    0x20000038   Section       12  sd_diskio.o(.data)
    Stat                                     0x20000038   Data           1  sd_diskio.o(.data)
    WriteStatus                              0x2000003c   Data           4  sd_diskio.o(.data)
    ReadStatus                               0x20000040   Data           4  sd_diskio.o(.data)
    .data                                    0x20000044   Section        5  fatfs.o(.data)
    .data                                    0x2000004c   Section       12  stm32f4xx_hal.o(.data)
    .data                                    0x20000058   Section        4  system_stm32f4xx.o(.data)
    .data                                    0x2000005c   Section        8  ff.o(.data)
    Fsid                                     0x2000005c   Data           2  ff.o(.data)
    FatFs                                    0x20000060   Data           4  ff.o(.data)
    .data                                    0x20000064   Section        4  stdout.o(.data)
    .bss                                     0x20000068   Section     1420  main.o(.bss)
    .bss                                     0x200005f4   Section       96  main.o(.bss)
    .bss                                     0x20000654   Section       96  main.o(.bss)
    .bss                                     0x200006b4   Section       32  ff.o(.bss)
    Files                                    0x200006b4   Data          32  ff.o(.bss)
    .bss                                     0x200006d4   Section       12  ff_gen_drv.o(.bss)
    STACK                                    0x200006e0   Section     4096  startup_stm32f407xx.o(STACK)

    Global Symbols

    Symbol Name                              Value     Ov Type        Size  Object(Section)

    BuildAttributes$$THM_ISAv4$E$P$D$K$B$S$7EM$VFPi3$EXTD16$VFPS$VFMA$PE$A:L22UL41UL21$X:L11$S22US41US21$IEEE1$IW$USESV6$~STKCKD$USESV7$~SHL$OSPACE$ROPI$EBA8$MICROLIB$REQ8$PRES8$EABIv2 0x00000000   Number         0  anon$$obj.o ABSOLUTE
    __ARM_use_no_argv                        0x00000000   Number         0  main.o ABSOLUTE
    _printf_a                                0x00000000   Number         0  stubs.o ABSOLUTE
    _printf_c                                0x00000000   Number         0  stubs.o ABSOLUTE
    _printf_charcount                        0x00000000   Number         0  stubs.o ABSOLUTE
    _printf_d                                0x00000000   Number         0  stubs.o ABSOLUTE
    _printf_e                                0x00000000   Number         0  stubs.o ABSOLUTE
    _printf_f                                0x00000000   Number         0  stubs.o ABSOLUTE
    _printf_flags                            0x00000000   Number         0  stubs.o ABSOLUTE
    _printf_fp_dec                           0x00000000   Number         0  stubs.o ABSOLUTE
    _printf_fp_hex                           0x00000000   Number         0  stubs.o ABSOLUTE
    _printf_g                                0x00000000   Number         0  stubs.o ABSOLUTE
    _printf_i                                0x00000000   Number         0  stubs.o ABSOLUTE
    _printf_int_dec                          0x00000000   Number         0  stubs.o ABSOLUTE
    _printf_l                                0x00000000   Number         0  stubs.o ABSOLUTE
    _printf_lc                               0x00000000   Number         0  stubs.o ABSOLUTE
    _printf_ll                               0x00000000   Number         0  stubs.o ABSOLUTE
    _printf_lld                              0x00000000   Number         0  stubs.o ABSOLUTE
    _printf_lli                              0x00000000   Number         0  stubs.o ABSOLUTE
    _printf_llo                              0x00000000   Number         0  stubs.o ABSOLUTE
    _printf_llu                              0x00000000   Number         0  stubs.o ABSOLUTE
    _printf_llx                              0x00000000   Number         0  stubs.o ABSOLUTE
    _printf_longlong_dec                     0x00000000   Number         0  stubs.o ABSOLUTE
    _printf_longlong_hex                     0x00000000   Number         0  stubs.o ABSOLUTE
    _printf_longlong_oct                     0x00000000   Number         0  stubs.o ABSOLUTE
    _printf_ls                               0x00000000   Number         0  stubs.o ABSOLUTE
    _printf_mbtowc                           0x00000000   Number         0  stubs.o ABSOLUTE
    _printf_n                                0x00000000   Number         0  stubs.o ABSOLUTE
    _printf_o                                0x00000000   Number         0  stubs.o ABSOLUTE
    _printf_p                                0x00000000   Number         0  stubs.o ABSOLUTE
    _printf_percent                          0x00000000   Number         0  stubs.o ABSOLUTE
    _printf_pre_padding                      0x00000000   Number         0  stubs.o ABSOLUTE
    _printf_return_value                     0x00000000   Number         0  stubs.o ABSOLUTE
    _printf_s                                0x00000000   Number         0  stubs.o ABSOLUTE
    _printf_sizespec                         0x00000000   Number         0  stubs.o ABSOLUTE
    _printf_str                              0x00000000   Number         0  stubs.o ABSOLUTE
    _printf_truncate_signed                  0x00000000   Number         0  stubs.o ABSOLUTE
    _printf_truncate_unsigned                0x00000000   Number         0  stubs.o ABSOLUTE
    _printf_u                                0x00000000   Number         0  stubs.o ABSOLUTE
    _printf_wc                               0x00000000   Number         0  stubs.o ABSOLUTE
    _printf_wctomb                           0x00000000   Number         0  stubs.o ABSOLUTE
    _printf_widthprec                        0x00000000   Number         0  stubs.o ABSOLUTE
    _printf_x                                0x00000000   Number         0  stubs.o ABSOLUTE
    __cpp_initialize__aeabi_                  - Undefined Weak Reference
    __cxa_finalize                            - Undefined Weak Reference
    __decompress                              - Undefined Weak Reference
    _clock_init                               - Undefined Weak Reference
    _microlib_exit                            - Undefined Weak Reference
    __Vectors_Size                           0x00000188   Number         0  startup_stm32f407xx.o ABSOLUTE
    __Vectors                                0x08000000   Data           4  startup_stm32f407xx.o(RESET)
    __Vectors_End                            0x08000188   Data           0  startup_stm32f407xx.o(RESET)
    __main                                   0x08000189   Thumb Code     0  entry.o(.ARM.Collect$$$$00000000)
    _main_stk                                0x08000189   Thumb Code     0  entry2.o(.ARM.Collect$$$$00000001)
    _main_scatterload                        0x0800018d   Thumb Code     0  entry5.o(.ARM.Collect$$$$00000004)
    __main_after_scatterload                 0x08000191   Thumb Code     0  entry5.o(.ARM.Collect$$$$00000004)
    _main_clock                              0x08000191   Thumb Code     0  entry7b.o(.ARM.Collect$$$$00000008)
    _main_cpp_init                           0x08000191   Thumb Code     0  entry8b.o(.ARM.Collect$$$$0000000A)
    _main_init                               0x08000191   Thumb Code     0  entry9a.o(.ARM.Collect$$$$0000000B)
    __rt_final_cpp                           0x08000199   Thumb Code     0  entry10a.o(.ARM.Collect$$$$0000000D)
    __rt_final_exit                          0x08000199   Thumb Code     0  entry11a.o(.ARM.Collect$$$$0000000F)
    Reset_Handler                            0x0800019d   Thumb Code     8  startup_stm32f407xx.o(.text)
    ADC_IRQHandler                           0x080001b7   Thumb Code     0  startup_stm32f407xx.o(.text)
    CAN1_RX0_IRQHandler                      0x080001b7   Thumb Code     0  startup_stm32f407xx.o(.text)
    CAN1_RX1_IRQHandler                      0x080001b7   Thumb Code     0  startup_stm32f407xx.o(.text)
    CAN1_SCE_IRQHandler                      0x080001b7   Thumb Code     0  startup_stm32f407xx.o(.text)
    CAN1_TX_IRQHandler                       0x080001b7   Thumb Code     0  startup_stm32f407xx.o(.text)
    CAN2_RX0_IRQHandler                      0x080001b7   Thumb Code     0  startup_stm32f407xx.o(.text)
    CAN2_RX1_IRQHandler                      0x080001b7   Thumb Code     0  startup_stm32f407xx.o(.text)
    CAN2_SCE_IRQHandler                      0x080001b7   Thumb Code     0  startup_stm32f407xx.o(.text)
    CAN2_TX_IRQHandler                       0x080001b7   Thumb Code     0  startup_stm32f407xx.o(.text)
    DCMI_IRQHandler                          0x080001b7   Thumb Code     0  startup_stm32f407xx.o(.text)
    DMA1_Stream0_IRQHandler                  0x080001b7   Thumb Code     0  startup_stm32f407xx.o(.text)
    DMA1_Stream1_IRQHandler                  0x080001b7   Thumb Code     0  startup_stm32f407xx.o(.text)
    DMA1_Stream2_IRQHandler                  0x080001b7   Thumb Code     0  startup_stm32f407xx.o(.text)
    DMA1_Stream3_IRQHandler                  0x080001b7   Thumb Code     0  startup_stm32f407xx.o(.text)
    DMA1_Stream4_IRQHandler                  0x080001b7   Thumb Code     0  startup_stm32f407xx.o(.text)
    DMA1_Stream5_IRQHandler                  0x080001b7   Thumb Code     0  startup_stm32f407xx.o(.text)
    DMA1_Stream6_IRQHandler                  0x080001b7   Thumb Code     0  startup_stm32f407xx.o(.text)
    DMA1_Stream7_IRQHandler                  0x080001b7   Thumb Code     0  startup_stm32f407xx.o(.text)
    DMA2_Stream0_IRQHandler                  0x080001b7   Thumb Code     0  startup_stm32f407xx.o(.text)
    DMA2_Stream1_IRQHandler                  0x080001b7   Thumb Code     0  startup_stm32f407xx.o(.text)
    DMA2_Stream2_IRQHandler                  0x080001b7   Thumb Code     0  startup_stm32f407xx.o(.text)
    DMA2_Stream4_IRQHandler                  0x080001b7   Thumb Code     0  startup_stm32f407xx.o(.text)
    DMA2_Stream5_IRQHandler                  0x080001b7   Thumb Code     0  startup_stm32f407xx.o(.text)
    DMA2_Stream7_IRQHandler                  0x080001b7   Thumb Code     0  startup_stm32f407xx.o(.text)
    ETH_IRQHandler                           0x080001b7   Thumb Code     0  startup_stm32f407xx.o(.text)
    ETH_WKUP_IRQHandler                      0x080001b7   Thumb Code     0  startup_stm32f407xx.o(.text)
    EXTI0_IRQHandler                         0x080001b7   Thumb Code     0  startup_stm32f407xx.o(.text)
    EXTI15_10_IRQHandler                     0x080001b7   Thumb Code     0  startup_stm32f407xx.o(.text)
    EXTI1_IRQHandler                         0x080001b7   Thumb Code     0  startup_stm32f407xx.o(.text)
    EXTI2_IRQHandler                         0x080001b7   Thumb Code     0  startup_stm32f407xx.o(.text)
    EXTI3_IRQHandler                         0x080001b7   Thumb Code     0  startup_stm32f407xx.o(.text)
    EXTI4_IRQHandler                         0x080001b7   Thumb Code     0  startup_stm32f407xx.o(.text)
    EXTI9_5_IRQHandler                       0x080001b7   Thumb Code     0  startup_stm32f407xx.o(.text)
    FLASH_IRQHandler                         0x080001b7   Thumb Code     0  startup_stm32f407xx.o(.text)
    FMC_IRQHandler                           0x080001b7   Thumb Code     0  startup_stm32f407xx.o(.text)
    FPU_IRQHandler                           0x080001b7   Thumb Code     0  startup_stm32f407xx.o(.text)
    HASH_RNG_IRQHandler                      0x080001b7   Thumb Code     0  startup_stm32f407xx.o(.text)
    I2C1_ER_IRQHandler                       0x080001b7   Thumb Code     0  startup_stm32f407xx.o(.text)
    I2C1_EV_IRQHandler                       0x080001b7   Thumb Code     0  startup_stm32f407xx.o(.text)
    I2C2_ER_IRQHandler                       0x080001b7   Thumb Code     0  startup_stm32f407xx.o(.text)
    I2C2_EV_IRQHandler                       0x080001b7   Thumb Code     0  startup_stm32f407xx.o(.text)
    I2C3_ER_IRQHandler                       0x080001b7   Thumb Code     0  startup_stm32f407xx.o(.text)
    I2C3_EV_IRQHandler                       0x080001b7   Thumb Code     0  startup_stm32f407xx.o(.text)
    OTG_FS_IRQHandler                        0x080001b7   Thumb Code     0  startup_stm32f407xx.o(.text)
    OTG_FS_WKUP_IRQHandler                   0x080001b7   Thumb Code     0  startup_stm32f407xx.o(.text)
    OTG_HS_EP1_IN_IRQHandler                 0x080001b7   Thumb Code     0  startup_stm32f407xx.o(.text)
    OTG_HS_EP1_OUT_IRQHandler                0x080001b7   Thumb Code     0  startup_stm32f407xx.o(.text)
    OTG_HS_IRQHandler                        0x080001b7   Thumb Code     0  startup_stm32f407xx.o(.text)
    OTG_HS_WKUP_IRQHandler                   0x080001b7   Thumb Code     0  startup_stm32f407xx.o(.text)
    PVD_IRQHandler                           0x080001b7   Thumb Code     0  startup_stm32f407xx.o(.text)
    RCC_IRQHandler                           0x080001b7   Thumb Code     0  startup_stm32f407xx.o(.text)
    RTC_Alarm_IRQHandler                     0x080001b7   Thumb Code     0  startup_stm32f407xx.o(.text)
    RTC_WKUP_IRQHandler                      0x080001b7   Thumb Code     0  startup_stm32f407xx.o(.text)
    SPI1_IRQHandler                          0x080001b7   Thumb Code     0  startup_stm32f407xx.o(.text)
    SPI2_IRQHandler                          0x080001b7   Thumb Code     0  startup_stm32f407xx.o(.text)
    SPI3_IRQHandler                          0x080001b7   Thumb Code     0  startup_stm32f407xx.o(.text)
    TAMP_STAMP_IRQHandler                    0x080001b7   Thumb Code     0  startup_stm32f407xx.o(.text)
    TIM1_BRK_TIM9_IRQHandler                 0x080001b7   Thumb Code     0  startup_stm32f407xx.o(.text)
    TIM1_CC_IRQHandler                       0x080001b7   Thumb Code     0  startup_stm32f407xx.o(.text)
    TIM1_TRG_COM_TIM11_IRQHandler            0x080001b7   Thumb Code     0  startup_stm32f407xx.o(.text)
    TIM1_UP_TIM10_IRQHandler                 0x080001b7   Thumb Code     0  startup_stm32f407xx.o(.text)
    TIM2_IRQHandler                          0x080001b7   Thumb Code     0  startup_stm32f407xx.o(.text)
    TIM3_IRQHandler                          0x080001b7   Thumb Code     0  startup_stm32f407xx.o(.text)
    TIM4_IRQHandler                          0x080001b7   Thumb Code     0  startup_stm32f407xx.o(.text)
    TIM5_IRQHandler                          0x080001b7   Thumb Code     0  startup_stm32f407xx.o(.text)
    TIM6_DAC_IRQHandler                      0x080001b7   Thumb Code     0  startup_stm32f407xx.o(.text)
    TIM7_IRQHandler                          0x080001b7   Thumb Code     0  startup_stm32f407xx.o(.text)
    TIM8_BRK_TIM12_IRQHandler                0x080001b7   Thumb Code     0  startup_stm32f407xx.o(.text)
    TIM8_CC_IRQHandler                       0x080001b7   Thumb Code     0  startup_stm32f407xx.o(.text)
    TIM8_TRG_COM_TIM14_IRQHandler            0x080001b7   Thumb Code     0  startup_stm32f407xx.o(.text)
    TIM8_UP_TIM13_IRQHandler                 0x080001b7   Thumb Code     0  startup_stm32f407xx.o(.text)
    UART4_IRQHandler                         0x080001b7   Thumb Code     0  startup_stm32f407xx.o(.text)
    UART5_IRQHandler                         0x080001b7   Thumb Code     0  startup_stm32f407xx.o(.text)
    USART1_IRQHandler                        0x080001b7   Thumb Code     0  startup_stm32f407xx.o(.text)
    USART2_IRQHandler                        0x080001b7   Thumb Code     0  startup_stm32f407xx.o(.text)
    USART3_IRQHandler                        0x080001b7   Thumb Code     0  startup_stm32f407xx.o(.text)
    USART6_IRQHandler                        0x080001b7   Thumb Code     0  startup_stm32f407xx.o(.text)
    WWDG_IRQHandler                          0x080001b7   Thumb Code     0  startup_stm32f407xx.o(.text)
    __aeabi_uldivmod                         0x080001c1   Thumb Code    98  uldiv.o(.text)
    __aeabi_uidiv                            0x08000223   Thumb Code     0  uidiv.o(.text)
    __aeabi_uidivmod                         0x08000223   Thumb Code    44  uidiv.o(.text)
    __aeabi_llsl                             0x0800024f   Thumb Code    30  llshl.o(.text)
    _ll_shift_l                              0x0800024f   Thumb Code     0  llshl.o(.text)
    __aeabi_llsr                             0x0800026d   Thumb Code    32  llushr.o(.text)
    _ll_ushift_r                             0x0800026d   Thumb Code     0  llushr.o(.text)
    __scatterload                            0x0800028d   Thumb Code    28  init.o(.text)
    __scatterload_rt2                        0x0800028d   Thumb Code     0  init.o(.text)
    BSP_SD_AbortCallback                     0x080002b1   Thumb Code     2  bsp_driver_sd.o(i.BSP_SD_AbortCallback)
    BSP_SD_GetCardInfo                       0x080002b5   Thumb Code     8  bsp_driver_sd.o(i.BSP_SD_GetCardInfo)
    BSP_SD_GetCardState                      0x080002c1   Thumb Code    20  bsp_driver_sd.o(i.BSP_SD_GetCardState)
    BSP_SD_Init                              0x080002d9   Thumb Code    30  bsp_driver_sd.o(i.BSP_SD_Init)
    BSP_SD_ReadBlocks_DMA                    0x080002fd   Thumb Code    24  bsp_driver_sd.o(i.BSP_SD_ReadBlocks_DMA)
    BSP_SD_ReadCpltCallback                  0x08000319   Thumb Code     8  sd_diskio.o(i.BSP_SD_ReadCpltCallback)
    BSP_SD_WriteBlocks_DMA                   0x08000325   Thumb Code    24  bsp_driver_sd.o(i.BSP_SD_WriteBlocks_DMA)
    BSP_SD_WriteCpltCallback                 0x08000341   Thumb Code     8  sd_diskio.o(i.BSP_SD_WriteCpltCallback)
    BusFault_Handler                         0x0800034d   Thumb Code     2  stm32f4xx_it.o(i.BusFault_Handler)
    DMA2_Stream3_IRQHandler                  0x08000351   Thumb Code     6  stm32f4xx_it.o(i.DMA2_Stream3_IRQHandler)
    DMA2_Stream6_IRQHandler                  0x0800035d   Thumb Code     6  stm32f4xx_it.o(i.DMA2_Stream6_IRQHandler)
    DebugMon_Handler                         0x0800040d   Thumb Code     2  stm32f4xx_it.o(i.DebugMon_Handler)
    FATFS_LinkDriver                         0x0800040f   Thumb Code     6  ff_gen_drv.o(i.FATFS_LinkDriver)
    FATFS_LinkDriverEx                       0x08000415   Thumb Code    58  ff_gen_drv.o(i.FATFS_LinkDriverEx)
    HAL_DMA_Abort_IT                         0x08000455   Thumb Code    36  stm32f4xx_hal_dma.o(i.HAL_DMA_Abort_IT)
    HAL_DMA_IRQHandler                       0x08000479   Thumb Code   412  stm32f4xx_hal_dma.o(i.HAL_DMA_IRQHandler)
    HAL_DMA_Init                             0x08000619   Thumb Code   206  stm32f4xx_hal_dma.o(i.HAL_DMA_Init)
    HAL_DMA_Start_IT                         0x080006ed   Thumb Code   120  stm32f4xx_hal_dma.o(i.HAL_DMA_Start_IT)
    HAL_Delay                                0x08000765   Thumb Code    32  stm32f4xx_hal.o(i.HAL_Delay)
    HAL_GPIO_Init                            0x08000789   Thumb Code   388  stm32f4xx_hal_gpio.o(i.HAL_GPIO_Init)
    HAL_GetTick                              0x08000939   Thumb Code     6  stm32f4xx_hal.o(i.HAL_GetTick)
    HAL_IncTick                              0x08000945   Thumb Code    12  stm32f4xx_hal.o(i.HAL_IncTick)
    HAL_Init                                 0x08000955   Thumb Code    48  stm32f4xx_hal.o(i.HAL_Init)
    HAL_InitTick                             0x08000989   Thumb Code    54  stm32f4xx_hal.o(i.HAL_InitTick)
    HAL_MspInit                              0x080009c9   Thumb Code   126  stm32f4xx_hal_msp.o(i.HAL_MspInit)
    HAL_NVIC_EnableIRQ                       0x08000a4d   Thumb Code    22  stm32f4xx_hal_cortex.o(i.HAL_NVIC_EnableIRQ)
    HAL_NVIC_SetPriority                     0x08000a65   Thumb Code    60  stm32f4xx_hal_cortex.o(i.HAL_NVIC_SetPriority)
    HAL_NVIC_SetPriorityGrouping             0x08000aa5   Thumb Code    26  stm32f4xx_hal_cortex.o(i.HAL_NVIC_SetPriorityGrouping)
    HAL_RCC_ClockConfig                      0x08000ac9   Thumb Code   286  stm32f4xx_hal_rcc.o(i.HAL_RCC_ClockConfig)
    HAL_RCC_GetHCLKFreq                      0x08000bf9   Thumb Code     6  stm32f4xx_hal_rcc.o(i.HAL_RCC_GetHCLKFreq)
    HAL_RCC_GetPCLK1Freq                     0x08000c05   Thumb Code    20  stm32f4xx_hal_rcc.o(i.HAL_RCC_GetPCLK1Freq)
    HAL_RCC_GetPCLK2Freq                     0x08000c25   Thumb Code    20  stm32f4xx_hal_rcc.o(i.HAL_RCC_GetPCLK2Freq)
    HAL_RCC_GetSysClockFreq                  0x08000c45   Thumb Code    88  stm32f4xx_hal_rcc.o(i.HAL_RCC_GetSysClockFreq)
    HAL_RCC_OscConfig                        0x08000ca9   Thumb Code   770  stm32f4xx_hal_rcc.o(i.HAL_RCC_OscConfig)
    HAL_SD_AbortCallback                     0x08000fc5   Thumb Code     8  bsp_driver_sd.o(i.HAL_SD_AbortCallback)
    HAL_SD_ErrorCallback                     0x08000fcd   Thumb Code     2  stm32f4xx_hal_sd.o(i.HAL_SD_ErrorCallback)
    HAL_SD_GetCardCSD                        0x08000fcf   Thumb Code   474  stm32f4xx_hal_sd.o(i.HAL_SD_GetCardCSD)
    HAL_SD_GetCardInfo                       0x080011a9   Thumb Code    36  stm32f4xx_hal_sd.o(i.HAL_SD_GetCardInfo)
    HAL_SD_GetCardState                      0x080011cd   Thumb Code    44  stm32f4xx_hal_sd.o(i.HAL_SD_GetCardState)
    HAL_SD_IRQHandler                        0x080011f9   Thumb Code   438  stm32f4xx_hal_sd.o(i.HAL_SD_IRQHandler)
    HAL_SD_Init                              0x080013b9   Thumb Code    54  stm32f4xx_hal_sd.o(i.HAL_SD_Init)
    HAL_SD_InitCard                          0x080013f1   Thumb Code    80  stm32f4xx_hal_sd.o(i.HAL_SD_InitCard)
    HAL_SD_MspInit                           0x08001445   Thumb Code   254  stm32f4xx_hal_msp.o(i.HAL_SD_MspInit)
    HAL_SD_ReadBlocks_DMA                    0x0800157d   Thumb Code   230  stm32f4xx_hal_sd.o(i.HAL_SD_ReadBlocks_DMA)
    HAL_SD_RxCpltCallback                    0x08001671   Thumb Code     8  bsp_driver_sd.o(i.HAL_SD_RxCpltCallback)
    HAL_SD_TxCpltCallback                    0x08001679   Thumb Code     8  bsp_driver_sd.o(i.HAL_SD_TxCpltCallback)
    HAL_SD_WriteBlocks_DMA                   0x08001681   Thumb Code   232  stm32f4xx_hal_sd.o(i.HAL_SD_WriteBlocks_DMA)
    HAL_SYSTICK_CLKSourceConfig              0x08001775   Thumb Code    24  stm32f4xx_hal_cortex.o(i.HAL_SYSTICK_CLKSourceConfig)
    HAL_SYSTICK_Callback                     0x0800178d   Thumb Code     2  stm32f4xx_hal_cortex.o(i.HAL_SYSTICK_Callback)
    HAL_SYSTICK_Config                       0x0800178f   Thumb Code    40  stm32f4xx_hal_cortex.o(i.HAL_SYSTICK_Config)
    HAL_SYSTICK_IRQHandler                   0x080017b7   Thumb Code     8  stm32f4xx_hal_cortex.o(i.HAL_SYSTICK_IRQHandler)
    HAL_UART_Init                            0x080017bf   Thumb Code    98  stm32f4xx_hal_uart.o(i.HAL_UART_Init)
    HAL_UART_MspInit                         0x08001821   Thumb Code    64  stm32f4xx_hal_msp.o(i.HAL_UART_MspInit)
    HAL_UART_Transmit                        0x0800186d   Thumb Code   186  stm32f4xx_hal_uart.o(i.HAL_UART_Transmit)
    HardFault_Handler                        0x08001927   Thumb Code     2  stm32f4xx_it.o(i.HardFault_Handler)
    MX_FATFS_Init                            0x08001929   Thumb Code    18  fatfs.o(i.MX_FATFS_Init)
    MemManage_Handler                        0x08001945   Thumb Code     2  stm32f4xx_it.o(i.MemManage_Handler)
    NMI_Handler                              0x08001947   Thumb Code     2  stm32f4xx_it.o(i.NMI_Handler)
    PendSV_Handler                           0x08001969   Thumb Code     2  stm32f4xx_it.o(i.PendSV_Handler)
    SDIO_ConfigData                          0x0800196b   Thumb Code    36  stm32f4xx_ll_sdmmc.o(i.SDIO_ConfigData)
    SDIO_GetPowerState                       0x0800198f   Thumb Code     8  stm32f4xx_ll_sdmmc.o(i.SDIO_GetPowerState)
    SDIO_GetResponse                         0x08001997   Thumb Code    12  stm32f4xx_ll_sdmmc.o(i.SDIO_GetResponse)
    SDIO_IRQHandler                          0x080019a5   Thumb Code     6  stm32f4xx_it.o(i.SDIO_IRQHandler)
    SDIO_Init                                0x080019b1   Thumb Code    36  stm32f4xx_ll_sdmmc.o(i.SDIO_Init)
    SDIO_PowerState_ON                       0x080019d5   Thumb Code     8  stm32f4xx_ll_sdmmc.o(i.SDIO_PowerState_ON)
    SDIO_ReadFIFO                            0x080019dd   Thumb Code     6  stm32f4xx_ll_sdmmc.o(i.SDIO_ReadFIFO)
    SDIO_SendCommand                         0x080019e3   Thumb Code    32  stm32f4xx_ll_sdmmc.o(i.SDIO_SendCommand)
    SDIO_WriteFIFO                           0x08001a03   Thumb Code    10  stm32f4xx_ll_sdmmc.o(i.SDIO_WriteFIFO)
    SDMMC_CmdAppCommand                      0x08001a0d   Thumb Code    50  stm32f4xx_ll_sdmmc.o(i.SDMMC_CmdAppCommand)
    SDMMC_CmdAppOperCommand                  0x08001a41   Thumb Code    48  stm32f4xx_ll_sdmmc.o(i.SDMMC_CmdAppOperCommand)
    SDMMC_CmdBlockLength                     0x08001a75   Thumb Code    50  stm32f4xx_ll_sdmmc.o(i.SDMMC_CmdBlockLength)
    SDMMC_CmdGoIdleState                     0x08001aa9   Thumb Code    76  stm32f4xx_ll_sdmmc.o(i.SDMMC_CmdGoIdleState)
    SDMMC_CmdOperCond                        0x08001af9   Thumb Code    98  stm32f4xx_ll_sdmmc.o(i.SDMMC_CmdOperCond)
    SDMMC_CmdReadMultiBlock                  0x08001b61   Thumb Code    50  stm32f4xx_ll_sdmmc.o(i.SDMMC_CmdReadMultiBlock)
    SDMMC_CmdReadSingleBlock                 0x08001b93   Thumb Code    50  stm32f4xx_ll_sdmmc.o(i.SDMMC_CmdReadSingleBlock)
    SDMMC_CmdSelDesel                        0x08001bc5   Thumb Code    50  stm32f4xx_ll_sdmmc.o(i.SDMMC_CmdSelDesel)
    SDMMC_CmdSendCID                         0x08001bf7   Thumb Code    44  stm32f4xx_ll_sdmmc.o(i.SDMMC_CmdSendCID)
    SDMMC_CmdSendCSD                         0x08001c23   Thumb Code    44  stm32f4xx_ll_sdmmc.o(i.SDMMC_CmdSendCSD)
    SDMMC_CmdSendStatus                      0x08001c4f   Thumb Code    50  stm32f4xx_ll_sdmmc.o(i.SDMMC_CmdSendStatus)
    SDMMC_CmdSetRelAdd                       0x08001c81   Thumb Code    48  stm32f4xx_ll_sdmmc.o(i.SDMMC_CmdSetRelAdd)
    SDMMC_CmdStopTransfer                    0x08001cb1   Thumb Code    46  stm32f4xx_ll_sdmmc.o(i.SDMMC_CmdStopTransfer)
    SDMMC_CmdWriteMultiBlock                 0x08001ce5   Thumb Code    50  stm32f4xx_ll_sdmmc.o(i.SDMMC_CmdWriteMultiBlock)
    SDMMC_CmdWriteSingleBlock                0x08001d17   Thumb Code    50  stm32f4xx_ll_sdmmc.o(i.SDMMC_CmdWriteSingleBlock)
    SD_initialize                            0x08002255   Thumb Code    28  sd_diskio.o(i.SD_initialize)
    SD_ioctl                                 0x08002275   Thumb Code    76  sd_diskio.o(i.SD_ioctl)
    SD_read                                  0x080022c5   Thumb Code   102  sd_diskio.o(i.SD_read)
    SD_status                                0x08002331   Thumb Code     4  sd_diskio.o(i.SD_status)
    SD_write                                 0x08002335   Thumb Code   102  sd_diskio.o(i.SD_write)
    SVC_Handler                              0x080023a1   Thumb Code     2  stm32f4xx_it.o(i.SVC_Handler)
    SysTick_Handler                          0x080023a3   Thumb Code    14  stm32f4xx_it.o(i.SysTick_Handler)
    SystemClock_Config                       0x080023b1   Thumb Code   150  main.o(i.SystemClock_Config)
    SystemInit                               0x08002451   Thumb Code    66  system_stm32f4xx.o(i.SystemInit)
    UsageFault_Handler                       0x080027b5   Thumb Code     2  stm32f4xx_it.o(i.UsageFault_Handler)
    _Error_Handler                           0x080027b7   Thumb Code     2  main.o(i._Error_Handler)
    __0printf$3                              0x080027b9   Thumb Code    22  printf3.o(i.__0printf$3)
    __1printf$3                              0x080027b9   Thumb Code     0  printf3.o(i.__0printf$3)
    __2printf                                0x080027b9   Thumb Code     0  printf3.o(i.__0printf$3)
    __scatterload_copy                       0x080027d9   Thumb Code    14  handlers.o(i.__scatterload_copy)
    __scatterload_null                       0x080027e7   Thumb Code     2  handlers.o(i.__scatterload_null)
    __scatterload_zeroinit                   0x080027e9   Thumb Code    14  handlers.o(i.__scatterload_zeroinit)
    disk_initialize                          0x080032b1   Thumb Code    36  diskio.o(i.disk_initialize)
    disk_ioctl                               0x080032d9   Thumb Code    24  diskio.o(i.disk_ioctl)
    disk_read                                0x080032f5   Thumb Code    24  diskio.o(i.disk_read)
    disk_status                              0x08003311   Thumb Code    18  diskio.o(i.disk_status)
    disk_write                               0x08003329   Thumb Code    24  diskio.o(i.disk_write)
    f_close                                  0x08003345   Thumb Code    40  ff.o(i.f_close)
    f_mount                                  0x0800336d   Thumb Code    84  ff.o(i.f_mount)
    f_open                                   0x080033c5   Thumb Code   528  ff.o(i.f_open)
    f_read                                   0x080035d9   Thumb Code   338  ff.o(i.f_read)
    f_sync                                   0x0800372b   Thumb Code   142  ff.o(i.f_sync)
    f_write                                  0x080037b9   Thumb Code   398  ff.o(i.f_write)
    ff_convert                               0x08003949   Thumb Code    68  cc950.o(i.ff_convert)
    ff_wtoupper                              0x08003995   Thumb Code   120  cc950.o(i.ff_wtoupper)
    fputc                                    0x08003cdd   Thumb Code    24  main.o(i.fputc)
    get_fattime                              0x08003e43   Thumb Code     4  fatfs.o(i.get_fattime)
    main                                     0x08003f4d   Thumb Code   418  main.o(i.main)
    SD_Driver                                0x08004590   Data          20  sd_diskio.o(.constdata)
    AHBPrescTable                            0x080045ac   Data          16  system_stm32f4xx.o(.constdata)
    APBPrescTable                            0x080045bc   Data           8  system_stm32f4xx.o(.constdata)
    Region$$Table$$Base                      0x0801ee9c   Number         0  anon$$obj.o(Region$$Table)
    Region$$Table$$Limit                     0x0801eebc   Number         0  anon$$obj.o(Region$$Table)
    byteswritten                             0x20000000   Data           4  main.o(.data)
    bytesread                                0x20000004   Data           4  main.o(.data)
    wtext                                    0x20000008   Data          33  main.o(.data)
    filename                                 0x20000029   Data          14  main.o(.data)
    retSD                                    0x20000044   Data           1  fatfs.o(.data)
    SDPath                                   0x20000045   Data           4  fatfs.o(.data)
    uwTickFreq                               0x2000004c   Data           1  stm32f4xx_hal.o(.data)
    uwTickPrio                               0x20000050   Data           4  stm32f4xx_hal.o(.data)
    uwTick                                   0x20000054   Data           4  stm32f4xx_hal.o(.data)
    SystemCoreClock                          0x20000058   Data           4  system_stm32f4xx.o(.data)
    __stdout                                 0x20000064   Data           4  stdout.o(.data)
    hsd                                      0x20000068   Data         132  main.o(.bss)
    huart1                                   0x200000ec   Data          64  main.o(.bss)
    fs                                       0x2000012c   Data         564  main.o(.bss)
    fil                                      0x20000360   Data         560  main.o(.bss)
    rtext                                    0x20000590   Data         100  main.o(.bss)
    hdma_sdio_rx                             0x200005f4   Data          96  main.o(.bss)
    hdma_sdio_tx                             0x20000654   Data          96  main.o(.bss)
    disk                                     0x200006d4   Data          12  ff_gen_drv.o(.bss)
    __initial_sp                             0x200016e0   Data           0  startup_stm32f407xx.o(STACK)



==============================================================================

Memory Map of the image

  Image Entry point : 0x08000189

  Load Region LR_IROM1 (Base: 0x08000000, Size: 0x0001ef24, Max: 0x00080000, ABSOLUTE)

    Execution Region ER_IROM1 (Exec base: 0x08000000, Load base: 0x08000000, Size: 0x0001eebc, Max: 0x00080000, ABSOLUTE)

    Exec Addr    Load Addr    Size         Type   Attr      Idx    E Section Name        Object

    0x08000000   0x08000000   0x00000188   Data   RO            3    RESET               startup_stm32f407xx.o
    0x08000188   0x08000188   0x00000000   Code   RO         3044  * .ARM.Collect$$$$00000000  mc_w.l(entry.o)
    0x08000188   0x08000188   0x00000004   Code   RO         3310    .ARM.Collect$$$$00000001  mc_w.l(entry2.o)
    0x0800018c   0x0800018c   0x00000004   Code   RO         3313    .ARM.Collect$$$$00000004  mc_w.l(entry5.o)
    0x08000190   0x08000190   0x00000000   Code   RO         3315    .ARM.Collect$$$$00000008  mc_w.l(entry7b.o)
    0x08000190   0x08000190   0x00000000   Code   RO         3317    .ARM.Collect$$$$0000000A  mc_w.l(entry8b.o)
    0x08000190   0x08000190   0x00000008   Code   RO         3318    .ARM.Collect$$$$0000000B  mc_w.l(entry9a.o)
    0x08000198   0x08000198   0x00000000   Code   RO         3320    .ARM.Collect$$$$0000000D  mc_w.l(entry10a.o)
    0x08000198   0x08000198   0x00000000   Code   RO         3322    .ARM.Collect$$$$0000000F  mc_w.l(entry11a.o)
    0x08000198   0x08000198   0x00000004   Code   RO         3311    .ARM.Collect$$$$00002712  mc_w.l(entry2.o)
    0x0800019c   0x0800019c   0x00000024   Code   RO            4    .text               startup_stm32f407xx.o
    0x080001c0   0x080001c0   0x00000062   Code   RO         3047    .text               mc_w.l(uldiv.o)
    0x08000222   0x08000222   0x0000002c   Code   RO         3325    .text               mc_w.l(uidiv.o)
    0x0800024e   0x0800024e   0x0000001e   Code   RO         3327    .text               mc_w.l(llshl.o)
    0x0800026c   0x0800026c   0x00000020   Code   RO         3329    .text               mc_w.l(llushr.o)
    0x0800028c   0x0800028c   0x00000024   Code   RO         3342    .text               mc_w.l(init.o)
    0x080002b0   0x080002b0   0x00000002   Code   RO          184    i.BSP_SD_AbortCallback  bsp_driver_sd.o
    0x080002b2   0x080002b2   0x00000002   PAD
    0x080002b4   0x080002b4   0x0000000c   Code   RO          190    i.BSP_SD_GetCardInfo  bsp_driver_sd.o
    0x080002c0   0x080002c0   0x00000018   Code   RO          191    i.BSP_SD_GetCardState  bsp_driver_sd.o
    0x080002d8   0x080002d8   0x00000024   Code   RO          194    i.BSP_SD_Init       bsp_driver_sd.o
    0x080002fc   0x080002fc   0x0000001c   Code   RO          197    i.BSP_SD_ReadBlocks_DMA  bsp_driver_sd.o
    0x08000318   0x08000318   0x0000000c   Code   RO          328    i.BSP_SD_ReadCpltCallback  sd_diskio.o
    0x08000324   0x08000324   0x0000001c   Code   RO          200    i.BSP_SD_WriteBlocks_DMA  bsp_driver_sd.o
    0x08000340   0x08000340   0x0000000c   Code   RO          329    i.BSP_SD_WriteCpltCallback  sd_diskio.o
    0x0800034c   0x0800034c   0x00000002   Code   RO          438    i.BusFault_Handler  stm32f4xx_it.o
    0x0800034e   0x0800034e   0x00000002   PAD
    0x08000350   0x08000350   0x0000000c   Code   RO          439    i.DMA2_Stream3_IRQHandler  stm32f4xx_it.o
    0x0800035c   0x0800035c   0x0000000c   Code   RO          440    i.DMA2_Stream6_IRQHandler  stm32f4xx_it.o
    0x08000368   0x08000368   0x00000028   Code   RO         1901    i.DMA_CalcBaseAndBitshift  stm32f4xx_hal_dma.o
    0x08000390   0x08000390   0x00000054   Code   RO         1902    i.DMA_CheckFifoParam  stm32f4xx_hal_dma.o
    0x080003e4   0x080003e4   0x00000028   Code   RO         1903    i.DMA_SetConfig     stm32f4xx_hal_dma.o
    0x0800040c   0x0800040c   0x00000002   Code   RO          441    i.DebugMon_Handler  stm32f4xx_it.o
    0x0800040e   0x0800040e   0x00000006   Code   RO         2997    i.FATFS_LinkDriver  ff_gen_drv.o
    0x08000414   0x08000414   0x00000040   Code   RO         2998    i.FATFS_LinkDriverEx  ff_gen_drv.o
    0x08000454   0x08000454   0x00000024   Code   RO         1905    i.HAL_DMA_Abort_IT  stm32f4xx_hal_dma.o
    0x08000478   0x08000478   0x000001a0   Code   RO         1909    i.HAL_DMA_IRQHandler  stm32f4xx_hal_dma.o
    0x08000618   0x08000618   0x000000d4   Code   RO         1910    i.HAL_DMA_Init      stm32f4xx_hal_dma.o
    0x080006ec   0x080006ec   0x00000078   Code   RO         1914    i.HAL_DMA_Start_IT  stm32f4xx_hal_dma.o
    0x08000764   0x08000764   0x00000024   Code   RO         2323    i.HAL_Delay         stm32f4xx_hal.o
    0x08000788   0x08000788   0x000001b0   Code   RO         1797    i.HAL_GPIO_Init     stm32f4xx_hal_gpio.o
    0x08000938   0x08000938   0x0000000c   Code   RO         2329    i.HAL_GetTick       stm32f4xx_hal.o
    0x08000944   0x08000944   0x00000010   Code   RO         2333    i.HAL_IncTick       stm32f4xx_hal.o
    0x08000954   0x08000954   0x00000034   Code   RO         2334    i.HAL_Init          stm32f4xx_hal.o
    0x08000988   0x08000988   0x00000040   Code   RO         2335    i.HAL_InitTick      stm32f4xx_hal.o
    0x080009c8   0x080009c8   0x00000084   Code   RO          532    i.HAL_MspInit       stm32f4xx_hal_msp.o
    0x08000a4c   0x08000a4c   0x00000016   Code   RO         2186    i.HAL_NVIC_EnableIRQ  stm32f4xx_hal_cortex.o
    0x08000a62   0x08000a62   0x00000002   PAD
    0x08000a64   0x08000a64   0x00000040   Code   RO         2192    i.HAL_NVIC_SetPriority  stm32f4xx_hal_cortex.o
    0x08000aa4   0x08000aa4   0x00000024   Code   RO         2193    i.HAL_NVIC_SetPriorityGrouping  stm32f4xx_hal_cortex.o
    0x08000ac8   0x08000ac8   0x00000130   Code   RO         1443    i.HAL_RCC_ClockConfig  stm32f4xx_hal_rcc.o
    0x08000bf8   0x08000bf8   0x0000000c   Code   RO         1448    i.HAL_RCC_GetHCLKFreq  stm32f4xx_hal_rcc.o
    0x08000c04   0x08000c04   0x00000020   Code   RO         1450    i.HAL_RCC_GetPCLK1Freq  stm32f4xx_hal_rcc.o
    0x08000c24   0x08000c24   0x00000020   Code   RO         1451    i.HAL_RCC_GetPCLK2Freq  stm32f4xx_hal_rcc.o
    0x08000c44   0x08000c44   0x00000064   Code   RO         1452    i.HAL_RCC_GetSysClockFreq  stm32f4xx_hal_rcc.o
    0x08000ca8   0x08000ca8   0x0000031c   Code   RO         1455    i.HAL_RCC_OscConfig  stm32f4xx_hal_rcc.o
    0x08000fc4   0x08000fc4   0x00000008   Code   RO          202    i.HAL_SD_AbortCallback  bsp_driver_sd.o
    0x08000fcc   0x08000fcc   0x00000002   Code   RO          851    i.HAL_SD_ErrorCallback  stm32f4xx_hal_sd.o
    0x08000fce   0x08000fce   0x000001da   Code   RO          853    i.HAL_SD_GetCardCSD  stm32f4xx_hal_sd.o
    0x080011a8   0x080011a8   0x00000024   Code   RO          854    i.HAL_SD_GetCardInfo  stm32f4xx_hal_sd.o
    0x080011cc   0x080011cc   0x0000002c   Code   RO          855    i.HAL_SD_GetCardState  stm32f4xx_hal_sd.o
    0x080011f8   0x080011f8   0x000001c0   Code   RO          859    i.HAL_SD_IRQHandler  stm32f4xx_hal_sd.o
    0x080013b8   0x080013b8   0x00000036   Code   RO          860    i.HAL_SD_Init       stm32f4xx_hal_sd.o
    0x080013ee   0x080013ee   0x00000002   PAD
    0x080013f0   0x080013f0   0x00000054   Code   RO          861    i.HAL_SD_InitCard   stm32f4xx_hal_sd.o
    0x08001444   0x08001444   0x00000138   Code   RO          534    i.HAL_SD_MspInit    stm32f4xx_hal_msp.o
    0x0800157c   0x0800157c   0x000000f4   Code   RO          865    i.HAL_SD_ReadBlocks_DMA  stm32f4xx_hal_sd.o
    0x08001670   0x08001670   0x00000008   Code   RO          203    i.HAL_SD_RxCpltCallback  bsp_driver_sd.o
    0x08001678   0x08001678   0x00000008   Code   RO          204    i.HAL_SD_TxCpltCallback  bsp_driver_sd.o
    0x08001680   0x08001680   0x000000f4   Code   RO          870    i.HAL_SD_WriteBlocks_DMA  stm32f4xx_hal_sd.o
    0x08001774   0x08001774   0x00000018   Code   RO         2195    i.HAL_SYSTICK_CLKSourceConfig  stm32f4xx_hal_cortex.o
    0x0800178c   0x0800178c   0x00000002   Code   RO         2196    i.HAL_SYSTICK_Callback  stm32f4xx_hal_cortex.o
    0x0800178e   0x0800178e   0x00000028   Code   RO         2197    i.HAL_SYSTICK_Config  stm32f4xx_hal_cortex.o
    0x080017b6   0x080017b6   0x00000008   Code   RO         2198    i.HAL_SYSTICK_IRQHandler  stm32f4xx_hal_cortex.o
    0x080017be   0x080017be   0x00000062   Code   RO         1141    i.HAL_UART_Init     stm32f4xx_hal_uart.o
    0x08001820   0x08001820   0x0000004c   Code   RO          536    i.HAL_UART_MspInit  stm32f4xx_hal_msp.o
    0x0800186c   0x0800186c   0x000000ba   Code   RO         1149    i.HAL_UART_Transmit  stm32f4xx_hal_uart.o
    0x08001926   0x08001926   0x00000002   Code   RO          442    i.HardFault_Handler  stm32f4xx_it.o
    0x08001928   0x08001928   0x0000001c   Code   RO          400    i.MX_FATFS_Init     fatfs.o
    0x08001944   0x08001944   0x00000002   Code   RO          443    i.MemManage_Handler  stm32f4xx_it.o
    0x08001946   0x08001946   0x00000002   Code   RO          444    i.NMI_Handler       stm32f4xx_it.o
    0x08001948   0x08001948   0x00000020   Code   RO         2199    i.NVIC_SetPriority  stm32f4xx_hal_cortex.o
    0x08001968   0x08001968   0x00000002   Code   RO          445    i.PendSV_Handler    stm32f4xx_it.o
    0x0800196a   0x0800196a   0x00000024   Code   RO          581    i.SDIO_ConfigData   stm32f4xx_ll_sdmmc.o
    0x0800198e   0x0800198e   0x00000008   Code   RO          585    i.SDIO_GetPowerState  stm32f4xx_ll_sdmmc.o
    0x08001996   0x08001996   0x0000000c   Code   RO          586    i.SDIO_GetResponse  stm32f4xx_ll_sdmmc.o
    0x080019a2   0x080019a2   0x00000002   PAD
    0x080019a4   0x080019a4   0x0000000c   Code   RO          446    i.SDIO_IRQHandler   stm32f4xx_it.o
    0x080019b0   0x080019b0   0x00000024   Code   RO          587    i.SDIO_Init         stm32f4xx_ll_sdmmc.o
    0x080019d4   0x080019d4   0x00000008   Code   RO          589    i.SDIO_PowerState_ON  stm32f4xx_ll_sdmmc.o
    0x080019dc   0x080019dc   0x00000006   Code   RO          590    i.SDIO_ReadFIFO     stm32f4xx_ll_sdmmc.o
    0x080019e2   0x080019e2   0x00000020   Code   RO          591    i.SDIO_SendCommand  stm32f4xx_ll_sdmmc.o
    0x08001a02   0x08001a02   0x0000000a   Code   RO          593    i.SDIO_WriteFIFO    stm32f4xx_ll_sdmmc.o
    0x08001a0c   0x08001a0c   0x00000032   Code   RO          594    i.SDMMC_CmdAppCommand  stm32f4xx_ll_sdmmc.o
    0x08001a3e   0x08001a3e   0x00000002   PAD
    0x08001a40   0x08001a40   0x00000034   Code   RO          595    i.SDMMC_CmdAppOperCommand  stm32f4xx_ll_sdmmc.o
    0x08001a74   0x08001a74   0x00000032   Code   RO          596    i.SDMMC_CmdBlockLength  stm32f4xx_ll_sdmmc.o
    0x08001aa6   0x08001aa6   0x00000002   PAD
    0x08001aa8   0x08001aa8   0x00000050   Code   RO          601    i.SDMMC_CmdGoIdleState  stm32f4xx_ll_sdmmc.o
    0x08001af8   0x08001af8   0x00000068   Code   RO          603    i.SDMMC_CmdOperCond  stm32f4xx_ll_sdmmc.o
    0x08001b60   0x08001b60   0x00000032   Code   RO          604    i.SDMMC_CmdReadMultiBlock  stm32f4xx_ll_sdmmc.o
    0x08001b92   0x08001b92   0x00000032   Code   RO          605    i.SDMMC_CmdReadSingleBlock  stm32f4xx_ll_sdmmc.o
    0x08001bc4   0x08001bc4   0x00000032   Code   RO          608    i.SDMMC_CmdSelDesel  stm32f4xx_ll_sdmmc.o
    0x08001bf6   0x08001bf6   0x0000002c   Code   RO          609    i.SDMMC_CmdSendCID  stm32f4xx_ll_sdmmc.o
    0x08001c22   0x08001c22   0x0000002c   Code   RO          610    i.SDMMC_CmdSendCSD  stm32f4xx_ll_sdmmc.o
    0x08001c4e   0x08001c4e   0x00000032   Code   RO          612    i.SDMMC_CmdSendStatus  stm32f4xx_ll_sdmmc.o
    0x08001c80   0x08001c80   0x00000030   Code   RO          613    i.SDMMC_CmdSetRelAdd  stm32f4xx_ll_sdmmc.o
    0x08001cb0   0x08001cb0   0x00000034   Code   RO          615    i.SDMMC_CmdStopTransfer  stm32f4xx_ll_sdmmc.o
    0x08001ce4   0x08001ce4   0x00000032   Code   RO          617    i.SDMMC_CmdWriteMultiBlock  stm32f4xx_ll_sdmmc.o
    0x08001d16   0x08001d16   0x00000032   Code   RO          618    i.SDMMC_CmdWriteSingleBlock  stm32f4xx_ll_sdmmc.o
    0x08001d48   0x08001d48   0x0000011c   Code   RO          619    i.SDMMC_GetCmdResp1  stm32f4xx_ll_sdmmc.o
    0x08001e64   0x08001e64   0x00000050   Code   RO          620    i.SDMMC_GetCmdResp2  stm32f4xx_ll_sdmmc.o
    0x08001eb4   0x08001eb4   0x00000040   Code   RO          621    i.SDMMC_GetCmdResp3  stm32f4xx_ll_sdmmc.o
    0x08001ef4   0x08001ef4   0x00000084   Code   RO          622    i.SDMMC_GetCmdResp6  stm32f4xx_ll_sdmmc.o
    0x08001f78   0x08001f78   0x00000020   Code   RO          330    i.SD_CheckStatus    sd_diskio.o
    0x08001f98   0x08001f98   0x00000056   Code   RO          872    i.SD_DMAError       stm32f4xx_hal_sd.o
    0x08001fee   0x08001fee   0x0000003e   Code   RO          873    i.SD_DMAReceiveCplt  stm32f4xx_hal_sd.o
    0x0800202c   0x0800202c   0x00000048   Code   RO          874    i.SD_DMARxAbort     stm32f4xx_hal_sd.o
    0x08002074   0x08002074   0x0000000e   Code   RO          875    i.SD_DMATransmitCplt  stm32f4xx_hal_sd.o
    0x08002082   0x08002082   0x00000048   Code   RO          876    i.SD_DMATxAbort     stm32f4xx_hal_sd.o
    0x080020ca   0x080020ca   0x000000e6   Code   RO          878    i.SD_InitCard       stm32f4xx_hal_sd.o
    0x080021b0   0x080021b0   0x000000a2   Code   RO          879    i.SD_PowerON        stm32f4xx_hal_sd.o
    0x08002252   0x08002252   0x00000002   PAD
    0x08002254   0x08002254   0x00000020   Code   RO          331    i.SD_initialize     sd_diskio.o
    0x08002274   0x08002274   0x00000050   Code   RO          332    i.SD_ioctl          sd_diskio.o
    0x080022c4   0x080022c4   0x0000006c   Code   RO          333    i.SD_read           sd_diskio.o
    0x08002330   0x08002330   0x00000004   Code   RO          334    i.SD_status         sd_diskio.o
    0x08002334   0x08002334   0x0000006c   Code   RO          335    i.SD_write          sd_diskio.o
    0x080023a0   0x080023a0   0x00000002   Code   RO          447    i.SVC_Handler       stm32f4xx_it.o
    0x080023a2   0x080023a2   0x0000000e   Code   RO          448    i.SysTick_Handler   stm32f4xx_it.o
    0x080023b0   0x080023b0   0x000000a0   Code   RO           13    i.SystemClock_Config  main.o
    0x08002450   0x08002450   0x00000054   Code   RO         2488    i.SystemInit        system_stm32f4xx.o
    0x080024a4   0x080024a4   0x000002ac   Code   RO         1167    i.UART_SetConfig    stm32f4xx_hal_uart.o
    0x08002750   0x08002750   0x00000064   Code   RO         1169    i.UART_WaitOnFlagUntilTimeout  stm32f4xx_hal_uart.o
    0x080027b4   0x080027b4   0x00000002   Code   RO          449    i.UsageFault_Handler  stm32f4xx_it.o
    0x080027b6   0x080027b6   0x00000002   Code   RO           14    i._Error_Handler    main.o
    0x080027b8   0x080027b8   0x00000020   Code   RO         3138    i.__0printf$3       mc_w.l(printf3.o)
    0x080027d8   0x080027d8   0x0000000e   Code   RO         3350    i.__scatterload_copy  mc_w.l(handlers.o)
    0x080027e6   0x080027e6   0x00000002   Code   RO         3351    i.__scatterload_null  mc_w.l(handlers.o)
    0x080027e8   0x080027e8   0x0000000e   Code   RO         3352    i.__scatterload_zeroinit  mc_w.l(handlers.o)
    0x080027f6   0x080027f6   0x00000002   PAD
    0x080027f8   0x080027f8   0x000001b8   Code   RO         3145    i._printf_core      mc_w.l(printf3.o)
    0x080029b0   0x080029b0   0x00000070   Code   RO         2636    i.check_fs          ff.o
    0x08002a20   0x08002a20   0x00000010   Code   RO         2637    i.chk_chr           ff.o
    0x08002a30   0x08002a30   0x0000005c   Code   RO         2638    i.chk_lock          ff.o
    0x08002a8c   0x08002a8c   0x00000020   Code   RO         2639    i.clear_lock        ff.o
    0x08002aac   0x08002aac   0x00000024   Code   RO         2640    i.clmt_clust        ff.o
    0x08002ad0   0x08002ad0   0x00000018   Code   RO         2641    i.clust2sect        ff.o
    0x08002ae8   0x08002ae8   0x00000080   Code   RO         2642    i.cmp_lfn           ff.o
    0x08002b68   0x08002b68   0x000000a4   Code   RO         2643    i.create_chain      ff.o
    0x08002c0c   0x08002c0c   0x00000244   Code   RO         2644    i.create_name       ff.o
    0x08002e50   0x08002e50   0x00000034   Code   RO         2645    i.dec_lock          ff.o
    0x08002e84   0x08002e84   0x000000d0   Code   RO         2646    i.dir_find          ff.o
    0x08002f54   0x08002f54   0x000000f4   Code   RO         2647    i.dir_next          ff.o
    0x08003048   0x08003048   0x000001e4   Code   RO         2649    i.dir_register      ff.o
    0x0800322c   0x0800322c   0x00000082   Code   RO         2651    i.dir_sdi           ff.o
    0x080032ae   0x080032ae   0x00000002   PAD
    0x080032b0   0x080032b0   0x00000028   Code   RO         2581    i.disk_initialize   diskio.o
    0x080032d8   0x080032d8   0x0000001c   Code   RO         2582    i.disk_ioctl        diskio.o
    0x080032f4   0x080032f4   0x0000001c   Code   RO         2583    i.disk_read         diskio.o
    0x08003310   0x08003310   0x00000018   Code   RO         2584    i.disk_status       diskio.o
    0x08003328   0x08003328   0x0000001c   Code   RO         2585    i.disk_write        diskio.o
    0x08003344   0x08003344   0x00000028   Code   RO         2652    i.f_close           ff.o
    0x0800336c   0x0800336c   0x00000058   Code   RO         2659    i.f_mount           ff.o
    0x080033c4   0x080033c4   0x00000214   Code   RO         2660    i.f_open            ff.o
    0x080035d8   0x080035d8   0x00000152   Code   RO         2665    i.f_read            ff.o
    0x0800372a   0x0800372a   0x0000008e   Code   RO         2669    i.f_sync            ff.o
    0x080037b8   0x080037b8   0x0000018e   Code   RO         2672    i.f_write           ff.o
    0x08003946   0x08003946   0x00000002   PAD
    0x08003948   0x08003948   0x0000004c   Code   RO         2549    i.ff_convert        cc950.o
    0x08003994   0x08003994   0x00000080   Code   RO         2550    i.ff_wtoupper       cc950.o
    0x08003a14   0x08003a14   0x00000254   Code   RO         2673    i.find_volume       ff.o
    0x08003c68   0x08003c68   0x00000074   Code   RO         2674    i.follow_path       ff.o
    0x08003cdc   0x08003cdc   0x0000001c   Code   RO           15    i.fputc             main.o
    0x08003cf8   0x08003cf8   0x0000008c   Code   RO         2675    i.gen_numname       ff.o
    0x08003d84   0x08003d84   0x000000be   Code   RO         2676    i.get_fat           ff.o
    0x08003e42   0x08003e42   0x00000004   Code   RO          401    i.get_fattime       fatfs.o
    0x08003e46   0x08003e46   0x0000003c   Code   RO         2678    i.get_ldnumber      ff.o
    0x08003e82   0x08003e82   0x00000002   PAD
    0x08003e84   0x08003e84   0x00000080   Code   RO         2679    i.inc_lock          ff.o
    0x08003f04   0x08003f04   0x00000026   Code   RO         2680    i.ld_clust          ff.o
    0x08003f2a   0x08003f2a   0x00000016   Code   RO         2681    i.ld_dword          ff.o
    0x08003f40   0x08003f40   0x0000000a   Code   RO         2682    i.ld_word           ff.o
    0x08003f4a   0x08003f4a   0x00000002   PAD
    0x08003f4c   0x08003f4c   0x0000032c   Code   RO           16    i.main              main.o
    0x08004278   0x08004278   0x00000012   Code   RO         2683    i.mem_cpy           ff.o
    0x0800428a   0x0800428a   0x00000002   PAD
    0x0800428c   0x0800428c   0x0000000e   Code   RO         2684    i.mem_set           ff.o
    0x0800429a   0x0800429a   0x00000032   Code   RO         2685    i.move_window       ff.o
    0x080042cc   0x080042cc   0x000000ea   Code   RO         2687    i.put_fat           ff.o
    0x080043b6   0x080043b6   0x00000074   Code   RO         2690    i.remove_chain      ff.o
    0x0800442a   0x0800442a   0x00000028   Code   RO         2691    i.st_clust          ff.o
    0x08004452   0x08004452   0x00000010   Code   RO         2692    i.st_dword          ff.o
    0x08004462   0x08004462   0x00000008   Code   RO         2693    i.st_word           ff.o
    0x0800446a   0x0800446a   0x0000001a   Code   RO         2694    i.sum_sfn           ff.o
    0x08004484   0x08004484   0x00000088   Code   RO         2695    i.sync_fs           ff.o
    0x0800450c   0x0800450c   0x00000052   Code   RO         2696    i.sync_window       ff.o
    0x0800455e   0x0800455e   0x00000032   Code   RO         2697    i.validate          ff.o
    0x08004590   0x08004590   0x00000014   Data   RO          336    .constdata          sd_diskio.o
    0x080045a4   0x080045a4   0x00000008   Data   RO         1916    .constdata          stm32f4xx_hal_dma.o
    0x080045ac   0x080045ac   0x00000010   Data   RO         2489    .constdata          system_stm32f4xx.o
    0x080045bc   0x080045bc   0x00000008   Data   RO         2490    .constdata          system_stm32f4xx.o
    0x080045c4   0x080045c4   0x0001a8ae   Data   RO         2551    .constdata          cc950.o
    0x0801ee72   0x0801ee72   0x0000002a   Data   RO         2699    .constdata          ff.o
    0x0801ee9c   0x0801ee9c   0x00000020   Data   RO         3348    Region$$Table       anon$$obj.o


    Execution Region RW_IRAM1 (Exec base: 0x20000000, Load base: 0x0801eebc, Size: 0x000016e0, Max: 0x00020000, ABSOLUTE)

    Exec Addr    Load Addr    Size         Type   Attr      Idx    E Section Name        Object

    0x20000000   0x0801eebc   0x00000037   Data   RW           20    .data               main.o
    0x20000037   0x0801eef3   0x00000001   PAD
    0x20000038   0x0801eef4   0x0000000c   Data   RW          337    .data               sd_diskio.o
    0x20000044   0x0801ef00   0x00000005   Data   RW          404    .data               fatfs.o
    0x20000049   0x0801ef05   0x00000003   PAD
    0x2000004c   0x0801ef08   0x0000000c   Data   RW         2341    .data               stm32f4xx_hal.o
    0x20000058   0x0801ef14   0x00000004   Data   RW         2491    .data               system_stm32f4xx.o
    0x2000005c   0x0801ef18   0x00000008   Data   RW         2700    .data               ff.o
    0x20000064   0x0801ef20   0x00000004   Data   RW         3324    .data               mc_w.l(stdout.o)
    0x20000068        -       0x0000058c   Zero   RW           17    .bss                main.o
    0x200005f4        -       0x00000060   Zero   RW           18    .bss                main.o
    0x20000654        -       0x00000060   Zero   RW           19    .bss                main.o
    0x200006b4        -       0x00000020   Zero   RW         2698    .bss                ff.o
    0x200006d4        -       0x0000000c   Zero   RW         3001    .bss                ff_gen_drv.o
    0x200006e0        -       0x00001000   Zero   RW            1    STACK               startup_stm32f407xx.o


==============================================================================

Image component sizes


      Code (inc. data)   RO Data    RW Data    ZI Data      Debug   Object Name

       154         22          0          0          0       5508   bsp_driver_sd.o
       204         26     108718          0          0       2523   cc950.o
       148         22          0          0          0       3769   diskio.o
        32         10          0          5          0       1496   fatfs.o
      5930         92         42          8         32      43934   ff.o
        70          6          0          0         12       1651   ff_gen_drv.o
      1002        408          0         55       1612     683951   main.o
       388         34         20         12          0       5617   sd_diskio.o
        36          8        392          0       4096        840   startup_stm32f407xx.o
       180         28          0         12          0       4617   stm32f4xx_hal.o
       228         14          0          0          0      32197   stm32f4xx_hal_cortex.o
       948         16          8          0          0       6518   stm32f4xx_hal_dma.o
       432         44          0          0          0       1780   stm32f4xx_hal_gpio.o
       520         76          0          0          0       2526   stm32f4xx_hal_msp.o
      1276         86          0          0          0       5672   stm32f4xx_hal_rcc.o
      2328         40          0          0          0      14003   stm32f4xx_hal_sd.o
      1068          8          0          0          0       4156   stm32f4xx_hal_uart.o
        66         18          0          0          0       5600   stm32f4xx_it.o
      1532         42          0          0          0      21432   stm32f4xx_ll_sdmmc.o
         0          0          0          0          0        544   syscall.o
        84         18         24          4          0       1179   system_stm32f4xx.o

    ----------------------------------------------------------------------
     16652       1018     109236        100       5752     849513   Object Totals
         0          0         32          0          0          0   (incl. Generated)
        26          0          0          4          0          0   (incl. Padding)

    ----------------------------------------------------------------------

      Code (inc. data)   RO Data    RW Data    ZI Data      Debug   Library Member Name

         0          0          0          0          0          0   entry.o
         0          0          0          0          0          0   entry10a.o
         0          0          0          0          0          0   entry11a.o
         8          4          0          0          0          0   entry2.o
         4          0          0          0          0          0   entry5.o
         0          0          0          0          0          0   entry7b.o
         0          0          0          0          0          0   entry8b.o
         8          4          0          0          0          0   entry9a.o
        30          0          0          0          0          0   handlers.o
        36          8          0          0          0         68   init.o
        30          0          0          0          0         68   llshl.o
        32          0          0          0          0         68   llushr.o
       472         14          0          0          0        184   printf3.o
         0          0          0          4          0          0   stdout.o
        44          0          0          0          0         80   uidiv.o
        98          0          0          0          0         92   uldiv.o

    ----------------------------------------------------------------------
       764         30          0          4          0        560   Library Totals
         2          0          0          0          0          0   (incl. Padding)

    ----------------------------------------------------------------------

      Code (inc. data)   RO Data    RW Data    ZI Data      Debug   Library Name

       762         30          0          4          0        560   mc_w.l

    ----------------------------------------------------------------------
       764         30          0          4          0        560   Library Totals

    ----------------------------------------------------------------------

==============================================================================


      Code (inc. data)   RO Data    RW Data    ZI Data      Debug   

     17416       1048     109236        104       5752     834569   Grand Totals
     17416       1048     109236        104       5752     834569   ELF Image Totals
     17416       1048     109236        104          0          0   ROM Totals

==============================================================================

    Total RO  Size (Code + RO Data)               126652 ( 123.68kB)
    Total RW  Size (RW Data + ZI Data)              5856 (   5.72kB)
    Total ROM Size (Code + RO Data + RW Data)     126756 ( 123.79kB)

==============================================================================

