<html>
<body>
<pre>
<h1>µVision Build Log</h1>
<h2>Tool Versions:</h2>
IDE-Version: £gVision V5.24.2.0
Copyright (C) 2017 ARM Ltd and ARM Germany GmbH. All rights reserved.
License Information: Kwong Hau Shing, ad, LIC=----
 
Tool Versions:
Toolchain:       MDK-Lite  Version: 5.24.1
Toolchain Path:  C:\Keil_v5\ARM\ARMCC\Bin
C Compiler:      Armcc.exe V5.06 update 5 (build 528)
Assembler:       Armasm.exe V5.06 update 5 (build 528)
Linker/Locator:  ArmLink.exe V5.06 update 5 (build 528)
Library Manager: ArmAr.exe V5.06 update 5 (build 528)
Hex Converter:   FromElf.exe V5.06 update 5 (build 528)
CPU DLL:         SARMCM3.DLL V5.24.1
Dialog DLL:      DARMCM1.DLL V1.18.0.0
Target DLL:      STLink\ST-LINKIII-KEIL_SWO.dll V3.0.1.0
Dialog DLL:      TARMCM1.DLL V1.13.0.0
 
<h2>Project:</h2>
C:\Users\owen1\Desktop\STM32\manipulator_board\MDK-ARM\manipulator_board.uvprojx
Project File Date:  04/19/2018

<h2>Output:</h2>
*** Using Compiler 'V5.06 update 5 (build 528)', folder: 'C:\Keil_v5\ARM\ARMCC\Bin'
Build target 'manipulator_board'
compiling stm32f0xx_hal_pwr_ex.c...
compiling system_stm32f0xx.c...
compiling stm32f0xx_hal_rcc_ex.c...
compiling stm32f0xx_hal.c...
compiling stm32f0xx_hal_tim_ex.c...
compiling stm32f0xx_hal_dma.c...
compiling stm32f0xx_hal_pwr.c...
compiling stm32f0xx_hal_flash.c...
compiling stm32f0xx_hal_rcc.c...
compiling stm32f0xx_hal_tim.c...
compiling stm32f0xx_hal_gpio.c...
compiling stm32f0xx_hal_i2c_ex.c...
compiling stm32f0xx_hal_i2c.c...
compiling stm32f0xx_hal_cortex.c...
compiling stm32f0xx_hal_flash_ex.c...
compiling stm32f0xx_hal_msp.c...
assembling startup_stm32f030x6.s...
compiling stm32f0xx_it.c...
compiling main.c...
../Src/main.c(252): warning:  #223-D: function "memcpy" declared implicitly
  	memcpy(dataIn,Rx_buffer,5);
../Src/main.c(263): warning:  #188-D: enumerated type mixed with another type
  					HAL_GPIO_WritePin(
PIOA, 
PIO_PIN_0, dataIn[1]%2);
../Src/main.c(268): warning:  #188-D: enumerated type mixed with another type
  					HAL_GPIO_WritePin(
PIOA, 
PIO_PIN_1, dataIn[1]%2);
../Src/main.c(273): warning:  #188-D: enumerated type mixed with another type
  					HAL_GPIO_WritePin(
PIOA, 
PIO_PIN_2, dataIn[1]%2);
../Src/main.c(278): warning:  #188-D: enumerated type mixed with another type
  					HAL_GPIO_WritePin(
PIOA, 
PIO_PIN_3, dataIn[1]%2);
../Src/main.c(283): warning:  #188-D: enumerated type mixed with another type
  					HAL_GPIO_WritePin(
PIOA, 
PIO_PIN_4, dataIn[1]%2);
../Src/main.c(288): warning:  #188-D: enumerated type mixed with another type
  					HAL_GPIO_WritePin(
PIOA, 
PIO_PIN_5, dataIn[1]%2);
../Src/main.c(293): warning:  #188-D: enumerated type mixed with another type
  					HAL_GPIO_WritePin(
PIOA, 
PIO_PIN_6, dataIn[1]%2);
../Src/main.c(298): warning:  #188-D: enumerated type mixed with another type
  					HAL_GPIO_WritePin(
PIOA, 
PIO_PIN_7, dataIn[1]%2);
../Src/main.c(311): warning:  #188-D: enumerated type mixed with another type
  					HAL_GPIO_WritePin(
PIOB, 
PIO_PIN_0, dataIn[2]%2);
../Src/main.c(316): warning:  #188-D: enumerated type mixed with another type
  					HAL_GPIO_WritePin(
PIOB, 
PIO_PIN_1, dataIn[2]%2);
../Src/main.c(321): warning:  #188-D: enumerated type mixed with another type
  					HAL_GPIO_WritePin(
PIOA, 
PIO_PIN_8, dataIn[2]%2);
../Src/main.c(326): warning:  #188-D: enumerated type mixed with another type
  					HAL_GPIO_WritePin(
PIOA, 
PIO_PIN_11, dataIn[2]%2);
../Src/main.c(331): warning:  #188-D: enumerated type mixed with another type
  					HAL_GPIO_WritePin(
PIOA, 
PIO_PIN_12, dataIn[2]%2);
../Src/main.c(336): warning:  #188-D: enumerated type mixed with another type
  					HAL_GPIO_WritePin(
PIOA, 
PIO_PIN_15, dataIn[2]%2);
../Src/main.c(341): warning:  #188-D: enumerated type mixed with another type
  					HAL_GPIO_WritePin(
PIOB, 
PIO_PIN_3, dataIn[2]%2);
../Src/main.c(346): warning:  #188-D: enumerated type mixed with another type
  					HAL_GPIO_WritePin(
PIOB, 
PIO_PIN_4, dataIn[2]%2);
../Src/main.c(359): warning:  #188-D: enumerated type mixed with another type
  					HAL_GPIO_WritePin(
PIOB, 
PIO_PIN_5, dataIn[3]%2);
../Src/main.c(364): warning:  #188-D: enumerated type mixed with another type
  					HAL_GPIO_WritePin(
PIOB, 
PIO_PIN_6, dataIn[3]%2);
../Src/main.c(369): warning:  #188-D: enumerated type mixed with another type
  					HAL_GPIO_WritePin(
PIOB, 
PIO_PIN_7, dataIn[3]%2);
../Src/main.c: 20 warnings, 0 errors
linking...
Program Size: Code=7312 RO-data=224 RW-data=20 ZI-data=1100  
"manipulator_board\manipulator_board.axf" - 0 Error(s), 20 Warning(s).

<h2>Software Packages used:</h2>

Package Vendor: ARM
                http://www.keil.com/pack/ARM.CMSIS.5.1.0.pack
                ARM.CMSIS.5.1.0
                CMSIS (Cortex Microcontroller Software Interface Standard)
   * Component: CORE Version: 5.0.2

Package Vendor: Keil
                http://www.keil.com/pack/Keil.STM32F0xx_DFP.1.5.0.pack
                Keil.STM32F0xx_DFP.1.5.0
                STMicroelectronics STM32F0 Series Device Support and Examples

<h2>Collection of Component include folders:</h2>
  .\RTE\_manipulator_board
  C:\Keil_v5\ARM\PACK\ARM\CMSIS\5.1.0\CMSIS\Include
  C:\Keil_v5\ARM\PACK\Keil\STM32F0xx_DFP\1.5.0\Device\Include

<h2>Collection of Component Files used:</h2>

   * Component: ARM::CMSIS:CORE:5.0.2
Build Time Elapsed:  00:00:06
</pre>
</body>
</html>
