<html>
<body>
<pre>
<h1>µVision Build Log</h1>
<h2>Tool Versions:</h2>
IDE-Version: £gVision V5.24.2.0
Copyright (C) 2017 ARM Ltd and ARM Germany GmbH. All rights reserved.
License Information: Kwong Hau Shing, ad, LIC=TIVPC-7K145-VEEHA-1J1PE-MA3NH-7ZD80
 
Tool Versions:
Toolchain:       MDK-ARM Plus  Version: 5.24.1
Toolchain Path:  C:\Keil_v5\ARM\ARMCC\Bin
C Compiler:      Armcc.exe V5.06 update 5 (build 528)
Assembler:       Armasm.exe V5.06 update 5 (build 528)
Linker/Locator:  ArmLink.exe V5.06 update 5 (build 528)
Library Manager: ArmAr.exe V5.06 update 5 (build 528)
Hex Converter:   FromElf.exe V5.06 update 5 (build 528)
CPU DLL:         SARMCM3.DLL V5.24.1
Dialog DLL:      DCM.DLL V1.16.0.0
Target DLL:      STLink\ST-LINKIII-KEIL_SWO.dll V3.0.1.0
Dialog DLL:      TCM.DLL V1.32.0.0
 
<h2>Project:</h2>
C:\Users\owen1\Desktop\STM32\STM32F407\F4 IMU SD\MDK-ARM\F4 IMU SD.uvprojx
Project File Date:  08/20/2018

<h2>Output:</h2>
*** Using Compiler 'V5.06 update 5 (build 528)', folder: 'C:\Keil_v5\ARM\ARMCC\Bin'
Build target 'F4 IMU SD'
compiling main.c...
../Src/main.c(97): warning:  #1295-D: Deprecated declaration MPU_Config - give arg types
  void MPU_Config();
../Src/main.c(98): warning:  #1295-D: Deprecated declaration I2C_readData - give arg types
  void I2C_readData();
../Src/main.c(100): warning:  #1295-D: Deprecated declaration get_complete_file_name - give arg types
  char* get_complete_file_name();
../Src/main.c(101): warning:  #1295-D: Deprecated declaration create_txt_file - give arg types
  void create_txt_file();
../Src/main.c(102): warning:  #1295-D: Deprecated declaration append_to_SD - give arg types
  void append_to_SD();
../Src/main.c: 5 warnings, 0 errors
linking...
Program Size: Code=22336 RO-data=109252 RW-data=100 ZI-data=3236  
FromELF: creating hex file...
"F4 IMU SD\F4 IMU SD.axf" - 0 Error(s), 5 Warning(s).

<h2>Software Packages used:</h2>

Package Vendor: ARM
                http://www.keil.com/pack/ARM.CMSIS.5.1.0.pack
                ARM.CMSIS.5.1.0
                CMSIS (Cortex Microcontroller Software Interface Standard)
   * Component: CORE Version: 5.0.2

Package Vendor: Keil
                http://www.keil.com/pack/Keil.STM32F4xx_DFP.2.11.0.pack
                Keil.STM32F4xx_DFP.2.11.0
                STMicroelectronics STM32F4 Series Device Support, Drivers and Examples

<h2>Collection of Component include folders:</h2>
  .\RTE\_F4_IMU_SD
  C:\Keil_v5\ARM\PACK\ARM\CMSIS\5.1.0\CMSIS\Include
  C:\Keil_v5\ARM\PACK\Keil\STM32F4xx_DFP\2.11.0\Drivers\CMSIS\Device\ST\STM32F4xx\Include

<h2>Collection of Component Files used:</h2>

   * Component: ARM::CMSIS:CORE:5.0.2
Build Time Elapsed:  00:00:03
</pre>
</body>
</html>
